<?xml version="1.0" encoding="ISO-8859-1" ?>
<link_info>
   <banner>TI ARM Linker PC v20.2.2.LTS</banner>
   <copyright>Copyright (c) 1996-2018 Texas Instruments Incorporated</copyright>
   <link_time>0x61055cb4</link_time>
   <link_errors>0x0</link_errors>
   <output_file>Lab17_Control.out</output_file>
   <entry_point>
      <name>_c_int00_noargs</name>
      <address>0x10971</address>
   </entry_point>
   <input_file_list>
      <input_file id="fl-2">
         <path>.\</path>
         <kind>object</kind>
         <file>ADC14.obj</file>
         <name>ADC14.obj</name>
      </input_file>
      <input_file id="fl-3">
         <path>.\</path>
         <kind>object</kind>
         <file>Bump.obj</file>
         <name>Bump.obj</name>
      </input_file>
      <input_file id="fl-4">
         <path>.\</path>
         <kind>object</kind>
         <file>Clock.obj</file>
         <name>Clock.obj</name>
      </input_file>
      <input_file id="fl-5">
         <path>.\</path>
         <kind>object</kind>
         <file>CortexM.obj</file>
         <name>CortexM.obj</name>
      </input_file>
      <input_file id="fl-6">
         <path>.\</path>
         <kind>object</kind>
         <file>IRDistance.obj</file>
         <name>IRDistance.obj</name>
      </input_file>
      <input_file id="fl-7">
         <path>.\</path>
         <kind>object</kind>
         <file>LPF.obj</file>
         <name>LPF.obj</name>
      </input_file>
      <input_file id="fl-8">
         <path>.\</path>
         <kind>object</kind>
         <file>Lab17_Control.obj</file>
         <name>Lab17_Control.obj</name>
      </input_file>
      <input_file id="fl-9">
         <path>.\</path>
         <kind>object</kind>
         <file>LaunchPad.obj</file>
         <name>LaunchPad.obj</name>
      </input_file>
      <input_file id="fl-a">
         <path>.\</path>
         <kind>object</kind>
         <file>Motor.obj</file>
         <name>Motor.obj</name>
      </input_file>
      <input_file id="fl-b">
         <path>.\</path>
         <kind>object</kind>
         <file>Nokia5110.obj</file>
         <name>Nokia5110.obj</name>
      </input_file>
      <input_file id="fl-c">
         <path>.\</path>
         <kind>object</kind>
         <file>PIDController_main.obj</file>
         <name>PIDController_main.obj</name>
      </input_file>
      <input_file id="fl-d">
         <path>.\</path>
         <kind>object</kind>
         <file>PWM.obj</file>
         <name>PWM.obj</name>
      </input_file>
      <input_file id="fl-e">
         <path>.\</path>
         <kind>object</kind>
         <file>Reflectance.obj</file>
         <name>Reflectance.obj</name>
      </input_file>
      <input_file id="fl-f">
         <path>.\</path>
         <kind>object</kind>
         <file>SysTickInts.obj</file>
         <name>SysTickInts.obj</name>
      </input_file>
      <input_file id="fl-10">
         <path>.\</path>
         <kind>object</kind>
         <file>TA3InputCapture.obj</file>
         <name>TA3InputCapture.obj</name>
      </input_file>
      <input_file id="fl-11">
         <path>.\</path>
         <kind>object</kind>
         <file>TExaS.obj</file>
         <name>TExaS.obj</name>
      </input_file>
      <input_file id="fl-12">
         <path>.\</path>
         <kind>object</kind>
         <file>Tachometer.obj</file>
         <name>Tachometer.obj</name>
      </input_file>
      <input_file id="fl-13">
         <path>.\</path>
         <kind>object</kind>
         <file>TimerA1.obj</file>
         <name>TimerA1.obj</name>
      </input_file>
      <input_file id="fl-14">
         <path>..\</path>
         <kind>object</kind>
         <file>UART0.obj</file>
         <name>UART0.obj</name>
      </input_file>
      <input_file id="fl-15">
         <path>.\</path>
         <kind>object</kind>
         <file>startup_msp432p401r_ccs.obj</file>
         <name>startup_msp432p401r_ccs.obj</name>
      </input_file>
      <input_file id="fl-16">
         <path>.\</path>
         <kind>object</kind>
         <file>system_msp432p401r.obj</file>
         <name>system_msp432p401r.obj</name>
      </input_file>
      <input_file id="fl-17">
         <path>.\BoardSupportPackage\src\</path>
         <kind>object</kind>
         <file>AsciiLib.obj</file>
         <name>AsciiLib.obj</name>
      </input_file>
      <input_file id="fl-18">
         <path>.\BoardSupportPackage\src\</path>
         <kind>object</kind>
         <file>BSP.obj</file>
         <name>BSP.obj</name>
      </input_file>
      <input_file id="fl-19">
         <path>.\BoardSupportPackage\src\</path>
         <kind>object</kind>
         <file>BackChannelUart.obj</file>
         <name>BackChannelUart.obj</name>
      </input_file>
      <input_file id="fl-1a">
         <path>.\BoardSupportPackage\src\</path>
         <kind>object</kind>
         <file>ClockSys.obj</file>
         <name>ClockSys.obj</name>
      </input_file>
      <input_file id="fl-1b">
         <path>.\BoardSupportPackage\src\</path>
         <kind>object</kind>
         <file>Joystick.obj</file>
         <name>Joystick.obj</name>
      </input_file>
      <input_file id="fl-1c">
         <path>.\BoardSupportPackage\src\</path>
         <kind>object</kind>
         <file>LCD_empty.obj</file>
         <name>LCD_empty.obj</name>
      </input_file>
      <input_file id="fl-1d">
         <path>.\BoardSupportPackage\src\</path>
         <kind>object</kind>
         <file>RGBLeds.obj</file>
         <name>RGBLeds.obj</name>
      </input_file>
      <input_file id="fl-1e">
         <path>.\BoardSupportPackage\src\</path>
         <kind>object</kind>
         <file>bme280.obj</file>
         <name>bme280.obj</name>
      </input_file>
      <input_file id="fl-1f">
         <path>.\BoardSupportPackage\src\</path>
         <kind>object</kind>
         <file>bme280_support.obj</file>
         <name>bme280_support.obj</name>
      </input_file>
      <input_file id="fl-20">
         <path>.\BoardSupportPackage\src\</path>
         <kind>object</kind>
         <file>bmi160.obj</file>
         <name>bmi160.obj</name>
      </input_file>
      <input_file id="fl-21">
         <path>.\BoardSupportPackage\src\</path>
         <kind>object</kind>
         <file>bmi160_support.obj</file>
         <name>bmi160_support.obj</name>
      </input_file>
      <input_file id="fl-22">
         <path>.\BoardSupportPackage\src\</path>
         <kind>object</kind>
         <file>demo_sysctl.obj</file>
         <name>demo_sysctl.obj</name>
      </input_file>
      <input_file id="fl-23">
         <path>.\BoardSupportPackage\src\</path>
         <kind>object</kind>
         <file>i2c_driver.obj</file>
         <name>i2c_driver.obj</name>
      </input_file>
      <input_file id="fl-24">
         <path>.\BoardSupportPackage\src\</path>
         <kind>object</kind>
         <file>opt3001.obj</file>
         <name>opt3001.obj</name>
      </input_file>
      <input_file id="fl-25">
         <path>.\BoardSupportPackage\src\</path>
         <kind>object</kind>
         <file>tmp007.obj</file>
         <name>tmp007.obj</name>
      </input_file>
      <input_file id="fl-2a">
         <kind>object</kind>
         <file>&lt;internal&gt;</file>
         <name>&lt;internal&gt;</name>
      </input_file>
      <input_file id="fl-2b">
         <path>..\BoardSupportPackage\DriverLib\</path>
         <kind>archive</kind>
         <file>msp432p4xx_driverlib.lib</file>
         <name>cs.o</name>
      </input_file>
      <input_file id="fl-2c">
         <path>..\BoardSupportPackage\DriverLib\</path>
         <kind>archive</kind>
         <file>msp432p4xx_driverlib.lib</file>
         <name>flash.o</name>
      </input_file>
      <input_file id="fl-2d">
         <path>..\BoardSupportPackage\DriverLib\</path>
         <kind>archive</kind>
         <file>msp432p4xx_driverlib.lib</file>
         <name>gpio.o</name>
      </input_file>
      <input_file id="fl-2e">
         <path>..\BoardSupportPackage\DriverLib\</path>
         <kind>archive</kind>
         <file>msp432p4xx_driverlib.lib</file>
         <name>i2c.o</name>
      </input_file>
      <input_file id="fl-2f">
         <path>..\BoardSupportPackage\DriverLib\</path>
         <kind>archive</kind>
         <file>msp432p4xx_driverlib.lib</file>
         <name>interrupt.o</name>
      </input_file>
      <input_file id="fl-30">
         <path>..\BoardSupportPackage\DriverLib\</path>
         <kind>archive</kind>
         <file>msp432p4xx_driverlib.lib</file>
         <name>pcm.o</name>
      </input_file>
      <input_file id="fl-31">
         <path>..\BoardSupportPackage\DriverLib\</path>
         <kind>archive</kind>
         <file>msp432p4xx_driverlib.lib</file>
         <name>rtc_c.o</name>
      </input_file>
      <input_file id="fl-32">
         <path>..\BoardSupportPackage\DriverLib\</path>
         <kind>archive</kind>
         <file>msp432p4xx_driverlib.lib</file>
         <name>spi.o</name>
      </input_file>
      <input_file id="fl-33">
         <path>..\BoardSupportPackage\DriverLib\</path>
         <kind>archive</kind>
         <file>msp432p4xx_driverlib.lib</file>
         <name>sysctl.o</name>
      </input_file>
      <input_file id="fl-34">
         <path>..\BoardSupportPackage\DriverLib\</path>
         <kind>archive</kind>
         <file>msp432p4xx_driverlib.lib</file>
         <name>uart.o</name>
      </input_file>
      <input_file id="fl-35">
         <path>..\BoardSupportPackage\DriverLib\</path>
         <kind>archive</kind>
         <file>msp432p4xx_driverlib.lib</file>
         <name>wdt_a.o</name>
      </input_file>
      <input_file id="fl-36">
         <path>..\BoardSupportPackage\DriverLib\</path>
         <kind>archive</kind>
         <file>msp432p4xx_driverlib.lib</file>
         <name>cpu.o</name>
      </input_file>
      <input_file id="fl-ec">
         <path>C:\ti\ccs1020\ccs\tools\compiler\ti-cgt-arm_20.2.2.LTS\lib\</path>
         <kind>archive</kind>
         <file>rtsv7M4_T_le_v4SPD16_eabi.lib</file>
         <name>e_atan2f.c.obj</name>
      </input_file>
      <input_file id="fl-ed">
         <path>C:\ti\ccs1020\ccs\tools\compiler\ti-cgt-arm_20.2.2.LTS\lib\</path>
         <kind>archive</kind>
         <file>rtsv7M4_T_le_v4SPD16_eabi.lib</file>
         <name>s_atanf.c.obj</name>
      </input_file>
      <input_file id="fl-ee">
         <path>C:\ti\ccs1020\ccs\tools\compiler\ti-cgt-arm_20.2.2.LTS\lib\</path>
         <kind>archive</kind>
         <file>rtsv7M4_T_le_v4SPD16_eabi.lib</file>
         <name>snprintf.c.obj</name>
      </input_file>
      <input_file id="fl-ef">
         <path>C:\ti\ccs1020\ccs\tools\compiler\ti-cgt-arm_20.2.2.LTS\lib\</path>
         <kind>archive</kind>
         <file>rtsv7M4_T_le_v4SPD16_eabi.lib</file>
         <name>fopen.c.obj</name>
      </input_file>
      <input_file id="fl-f0">
         <path>C:\ti\ccs1020\ccs\tools\compiler\ti-cgt-arm_20.2.2.LTS\lib\</path>
         <kind>archive</kind>
         <file>rtsv7M4_T_le_v4SPD16_eabi.lib</file>
         <name>setvbuf.c.obj</name>
      </input_file>
      <input_file id="fl-f1">
         <path>C:\ti\ccs1020\ccs\tools\compiler\ti-cgt-arm_20.2.2.LTS\lib\</path>
         <kind>archive</kind>
         <file>rtsv7M4_T_le_v4SPD16_eabi.lib</file>
         <name>fd_mul_t2.asm.obj</name>
      </input_file>
      <input_file id="fl-f2">
         <path>C:\ti\ccs1020\ccs\tools\compiler\ti-cgt-arm_20.2.2.LTS\lib\</path>
         <kind>archive</kind>
         <file>rtsv7M4_T_le_v4SPD16_eabi.lib</file>
         <name>fd_tos_t2.asm.obj</name>
      </input_file>
      <input_file id="fl-f3">
         <path>C:\ti\ccs1020\ccs\tools\compiler\ti-cgt-arm_20.2.2.LTS\lib\</path>
         <kind>archive</kind>
         <file>rtsv7M4_T_le_v4SPD16_eabi.lib</file>
         <name>fs_tod_t2.asm.obj</name>
      </input_file>
      <input_file id="fl-f4">
         <path>C:\ti\ccs1020\ccs\tools\compiler\ti-cgt-arm_20.2.2.LTS\lib\</path>
         <kind>archive</kind>
         <file>rtsv7M4_T_le_v4SPD16_eabi.lib</file>
         <name>ll_mul_t2.asm.obj</name>
      </input_file>
      <input_file id="fl-f5">
         <path>C:\ti\ccs1020\ccs\tools\compiler\ti-cgt-arm_20.2.2.LTS\lib\</path>
         <kind>archive</kind>
         <file>rtsv7M4_T_le_v4SPD16_eabi.lib</file>
         <name>memcpy_t2.asm.obj</name>
      </input_file>
      <input_file id="fl-f6">
         <path>C:\ti\ccs1020\ccs\tools\compiler\ti-cgt-arm_20.2.2.LTS\lib\</path>
         <kind>archive</kind>
         <file>rtsv7M4_T_le_v4SPD16_eabi.lib</file>
         <name>ll_div_t2.asm.obj</name>
      </input_file>
      <input_file id="fl-f7">
         <path>C:\ti\ccs1020\ccs\tools\compiler\ti-cgt-arm_20.2.2.LTS\lib\</path>
         <kind>archive</kind>
         <file>rtsv7M4_T_le_v4SPD16_eabi.lib</file>
         <name>ull_div_t2.asm.obj</name>
      </input_file>
      <input_file id="fl-f8">
         <path>C:\ti\ccs1020\ccs\tools\compiler\ti-cgt-arm_20.2.2.LTS\lib\</path>
         <kind>archive</kind>
         <file>rtsv7M4_T_le_v4SPD16_eabi.lib</file>
         <name>memset_t2.asm.obj</name>
      </input_file>
      <input_file id="fl-f9">
         <path>C:\ti\ccs1020\ccs\tools\compiler\ti-cgt-arm_20.2.2.LTS\lib\</path>
         <kind>archive</kind>
         <file>rtsv7M4_T_le_v4SPD16_eabi.lib</file>
         <name>copy_zero_init.c.obj</name>
      </input_file>
      <input_file id="fl-fa">
         <path>C:\ti\ccs1020\ccs\tools\compiler\ti-cgt-arm_20.2.2.LTS\lib\</path>
         <kind>archive</kind>
         <file>rtsv7M4_T_le_v4SPD16_eabi.lib</file>
         <name>copy_decompress_none.c.obj</name>
      </input_file>
      <input_file id="fl-fb">
         <path>C:\ti\ccs1020\ccs\tools\compiler\ti-cgt-arm_20.2.2.LTS\lib\</path>
         <kind>archive</kind>
         <file>rtsv7M4_T_le_v4SPD16_eabi.lib</file>
         <name>copy_decompress_lzss.c.obj</name>
      </input_file>
      <input_file id="fl-fc">
         <path>C:\ti\ccs1020\ccs\tools\compiler\ti-cgt-arm_20.2.2.LTS\lib\</path>
         <kind>archive</kind>
         <file>rtsv7M4_T_le_v4SPD16_eabi.lib</file>
         <name>exit.c.obj</name>
      </input_file>
      <input_file id="fl-fd">
         <path>C:\ti\ccs1020\ccs\tools\compiler\ti-cgt-arm_20.2.2.LTS\lib\</path>
         <kind>archive</kind>
         <file>rtsv7M4_T_le_v4SPD16_eabi.lib</file>
         <name>_lock.c.obj</name>
      </input_file>
      <input_file id="fl-fe">
         <path>C:\ti\ccs1020\ccs\tools\compiler\ti-cgt-arm_20.2.2.LTS\lib\</path>
         <kind>archive</kind>
         <file>rtsv7M4_T_le_v4SPD16_eabi.lib</file>
         <name>defs.c.obj</name>
      </input_file>
      <input_file id="fl-ff">
         <path>C:\ti\ccs1020\ccs\tools\compiler\ti-cgt-arm_20.2.2.LTS\lib\</path>
         <kind>archive</kind>
         <file>rtsv7M4_T_le_v4SPD16_eabi.lib</file>
         <name>memory.c.obj</name>
      </input_file>
      <input_file id="fl-100">
         <path>C:\ti\ccs1020\ccs\tools\compiler\ti-cgt-arm_20.2.2.LTS\lib\</path>
         <kind>archive</kind>
         <file>rtsv7M4_T_le_v4SPD16_eabi.lib</file>
         <name>open.c.obj</name>
      </input_file>
      <input_file id="fl-101">
         <path>C:\ti\ccs1020\ccs\tools\compiler\ti-cgt-arm_20.2.2.LTS\lib\</path>
         <kind>archive</kind>
         <file>rtsv7M4_T_le_v4SPD16_eabi.lib</file>
         <name>add_device.c.obj</name>
      </input_file>
      <input_file id="fl-102">
         <path>C:\ti\ccs1020\ccs\tools\compiler\ti-cgt-arm_20.2.2.LTS\lib\</path>
         <kind>archive</kind>
         <file>rtsv7M4_T_le_v4SPD16_eabi.lib</file>
         <name>boot_cortex_m.c.obj</name>
      </input_file>
      <input_file id="fl-103">
         <path>C:\ti\ccs1020\ccs\tools\compiler\ti-cgt-arm_20.2.2.LTS\lib\</path>
         <kind>archive</kind>
         <file>rtsv7M4_T_le_v4SPD16_eabi.lib</file>
         <name>_printfi.c.obj</name>
      </input_file>
      <input_file id="fl-104">
         <path>C:\ti\ccs1020\ccs\tools\compiler\ti-cgt-arm_20.2.2.LTS\lib\</path>
         <kind>archive</kind>
         <file>rtsv7M4_T_le_v4SPD16_eabi.lib</file>
         <name>fclose.c.obj</name>
      </input_file>
      <input_file id="fl-105">
         <path>C:\ti\ccs1020\ccs\tools\compiler\ti-cgt-arm_20.2.2.LTS\lib\</path>
         <kind>archive</kind>
         <file>rtsv7M4_T_le_v4SPD16_eabi.lib</file>
         <name>fflush.c.obj</name>
      </input_file>
      <input_file id="fl-106">
         <path>C:\ti\ccs1020\ccs\tools\compiler\ti-cgt-arm_20.2.2.LTS\lib\</path>
         <kind>archive</kind>
         <file>rtsv7M4_T_le_v4SPD16_eabi.lib</file>
         <name>getdevice.c.obj</name>
      </input_file>
      <input_file id="fl-107">
         <path>C:\ti\ccs1020\ccs\tools\compiler\ti-cgt-arm_20.2.2.LTS\lib\</path>
         <kind>archive</kind>
         <file>rtsv7M4_T_le_v4SPD16_eabi.lib</file>
         <name>div0.asm.obj</name>
      </input_file>
      <input_file id="fl-108">
         <path>C:\ti\ccs1020\ccs\tools\compiler\ti-cgt-arm_20.2.2.LTS\lib\</path>
         <kind>archive</kind>
         <file>rtsv7M4_T_le_v4SPD16_eabi.lib</file>
         <name>fd_add_t2.asm.obj</name>
      </input_file>
      <input_file id="fl-109">
         <path>C:\ti\ccs1020\ccs\tools\compiler\ti-cgt-arm_20.2.2.LTS\lib\</path>
         <kind>archive</kind>
         <file>rtsv7M4_T_le_v4SPD16_eabi.lib</file>
         <name>fd_cmp_t2.asm.obj</name>
      </input_file>
      <input_file id="fl-10a">
         <path>C:\ti\ccs1020\ccs\tools\compiler\ti-cgt-arm_20.2.2.LTS\lib\</path>
         <kind>archive</kind>
         <file>rtsv7M4_T_le_v4SPD16_eabi.lib</file>
         <name>fd_div_t2.asm.obj</name>
      </input_file>
      <input_file id="fl-10b">
         <path>C:\ti\ccs1020\ccs\tools\compiler\ti-cgt-arm_20.2.2.LTS\lib\</path>
         <kind>archive</kind>
         <file>rtsv7M4_T_le_v4SPD16_eabi.lib</file>
         <name>fd_toi_t2.asm.obj</name>
      </input_file>
      <input_file id="fl-10c">
         <path>C:\ti\ccs1020\ccs\tools\compiler\ti-cgt-arm_20.2.2.LTS\lib\</path>
         <kind>archive</kind>
         <file>rtsv7M4_T_le_v4SPD16_eabi.lib</file>
         <name>i_tofd_t2.asm.obj</name>
      </input_file>
      <input_file id="fl-10d">
         <path>C:\ti\ccs1020\ccs\tools\compiler\ti-cgt-arm_20.2.2.LTS\lib\</path>
         <kind>archive</kind>
         <file>rtsv7M4_T_le_v4SPD16_eabi.lib</file>
         <name>autoinit.c.obj</name>
      </input_file>
      <input_file id="fl-10e">
         <path>C:\ti\ccs1020\ccs\tools\compiler\ti-cgt-arm_20.2.2.LTS\lib\</path>
         <kind>archive</kind>
         <file>rtsv7M4_T_le_v4SPD16_eabi.lib</file>
         <name>pre_init.c.obj</name>
      </input_file>
      <input_file id="fl-10f">
         <path>C:\ti\ccs1020\ccs\tools\compiler\ti-cgt-arm_20.2.2.LTS\lib\</path>
         <kind>archive</kind>
         <file>rtsv7M4_T_le_v4SPD16_eabi.lib</file>
         <name>cpy_tbl.c.obj</name>
      </input_file>
      <input_file id="fl-110">
         <path>C:\ti\ccs1020\ccs\tools\compiler\ti-cgt-arm_20.2.2.LTS\lib\</path>
         <kind>archive</kind>
         <file>rtsv7M4_T_le_v4SPD16_eabi.lib</file>
         <name>_ltoa.c.obj</name>
      </input_file>
      <input_file id="fl-111">
         <path>C:\ti\ccs1020\ccs\tools\compiler\ti-cgt-arm_20.2.2.LTS\lib\</path>
         <kind>archive</kind>
         <file>rtsv7M4_T_le_v4SPD16_eabi.lib</file>
         <name>args_main.c.obj</name>
      </input_file>
      <input_file id="fl-112">
         <path>C:\ti\ccs1020\ccs\tools\compiler\ti-cgt-arm_20.2.2.LTS\lib\</path>
         <kind>archive</kind>
         <file>rtsv7M4_T_le_v4SPD16_eabi.lib</file>
         <name>atoi.c.obj</name>
      </input_file>
      <input_file id="fl-113">
         <path>C:\ti\ccs1020\ccs\tools\compiler\ti-cgt-arm_20.2.2.LTS\lib\</path>
         <kind>archive</kind>
         <file>rtsv7M4_T_le_v4SPD16_eabi.lib</file>
         <name>ctype.c.obj</name>
      </input_file>
      <input_file id="fl-114">
         <path>C:\ti\ccs1020\ccs\tools\compiler\ti-cgt-arm_20.2.2.LTS\lib\</path>
         <kind>archive</kind>
         <file>rtsv7M4_T_le_v4SPD16_eabi.lib</file>
         <name>memccpy.c.obj</name>
      </input_file>
      <input_file id="fl-115">
         <path>C:\ti\ccs1020\ccs\tools\compiler\ti-cgt-arm_20.2.2.LTS\lib\</path>
         <kind>archive</kind>
         <file>rtsv7M4_T_le_v4SPD16_eabi.lib</file>
         <name>strchr.c.obj</name>
      </input_file>
      <input_file id="fl-116">
         <path>C:\ti\ccs1020\ccs\tools\compiler\ti-cgt-arm_20.2.2.LTS\lib\</path>
         <kind>archive</kind>
         <file>rtsv7M4_T_le_v4SPD16_eabi.lib</file>
         <name>strcmp.c.obj</name>
      </input_file>
      <input_file id="fl-117">
         <path>C:\ti\ccs1020\ccs\tools\compiler\ti-cgt-arm_20.2.2.LTS\lib\</path>
         <kind>archive</kind>
         <file>rtsv7M4_T_le_v4SPD16_eabi.lib</file>
         <name>strlen.c.obj</name>
      </input_file>
      <input_file id="fl-118">
         <path>C:\ti\ccs1020\ccs\tools\compiler\ti-cgt-arm_20.2.2.LTS\lib\</path>
         <kind>archive</kind>
         <file>rtsv7M4_T_le_v4SPD16_eabi.lib</file>
         <name>strncpy.c.obj</name>
      </input_file>
      <input_file id="fl-119">
         <path>C:\ti\ccs1020\ccs\tools\compiler\ti-cgt-arm_20.2.2.LTS\lib\</path>
         <kind>archive</kind>
         <file>rtsv7M4_T_le_v4SPD16_eabi.lib</file>
         <name>write.c.obj</name>
      </input_file>
      <input_file id="fl-11a">
         <path>C:\ti\ccs1020\ccs\tools\compiler\ti-cgt-arm_20.2.2.LTS\lib\</path>
         <kind>archive</kind>
         <file>rtsv7M4_T_le_v4SPD16_eabi.lib</file>
         <name>host_device.c.obj</name>
      </input_file>
      <input_file id="fl-11b">
         <path>C:\ti\ccs1020\ccs\tools\compiler\ti-cgt-arm_20.2.2.LTS\lib\</path>
         <kind>archive</kind>
         <file>rtsv7M4_T_le_v4SPD16_eabi.lib</file>
         <name>remove.c.obj</name>
      </input_file>
      <input_file id="fl-11c">
         <path>C:\ti\ccs1020\ccs\tools\compiler\ti-cgt-arm_20.2.2.LTS\lib\</path>
         <kind>archive</kind>
         <file>rtsv7M4_T_le_v4SPD16_eabi.lib</file>
         <name>close.c.obj</name>
      </input_file>
      <input_file id="fl-11d">
         <path>C:\ti\ccs1020\ccs\tools\compiler\ti-cgt-arm_20.2.2.LTS\lib\</path>
         <kind>archive</kind>
         <file>rtsv7M4_T_le_v4SPD16_eabi.lib</file>
         <name>errno.c.obj</name>
      </input_file>
      <input_file id="fl-11e">
         <path>C:\ti\ccs1020\ccs\tools\compiler\ti-cgt-arm_20.2.2.LTS\lib\</path>
         <kind>archive</kind>
         <file>rtsv7M4_T_le_v4SPD16_eabi.lib</file>
         <name>s_frexp.c.obj</name>
      </input_file>
      <input_file id="fl-11f">
         <path>C:\ti\ccs1020\ccs\tools\compiler\ti-cgt-arm_20.2.2.LTS\lib\</path>
         <kind>archive</kind>
         <file>rtsv7M4_T_le_v4SPD16_eabi.lib</file>
         <name>s_scalbn.c.obj</name>
      </input_file>
      <input_file id="fl-120">
         <path>C:\ti\ccs1020\ccs\tools\compiler\ti-cgt-arm_20.2.2.LTS\lib\</path>
         <kind>archive</kind>
         <file>rtsv7M4_T_le_v4SPD16_eabi.lib</file>
         <name>wcslen.c.obj</name>
      </input_file>
      <input_file id="fl-121">
         <path>C:\ti\ccs1020\ccs\tools\compiler\ti-cgt-arm_20.2.2.LTS\lib\</path>
         <kind>archive</kind>
         <file>rtsv7M4_T_le_v4SPD16_eabi.lib</file>
         <name>s_copysign.c.obj</name>
      </input_file>
      <input_file id="fl-122">
         <path>C:\ti\ccs1020\ccs\tools\compiler\ti-cgt-arm_20.2.2.LTS\lib\</path>
         <kind>archive</kind>
         <file>rtsv7M4_T_le_v4SPD16_eabi.lib</file>
         <name>unlink.c.obj</name>
      </input_file>
      <input_file id="fl-123">
         <path>C:\ti\ccs1020\ccs\tools\compiler\ti-cgt-arm_20.2.2.LTS\lib\</path>
         <kind>archive</kind>
         <file>rtsv7M4_T_le_v4SPD16_eabi.lib</file>
         <name>hostclose.c.obj</name>
      </input_file>
      <input_file id="fl-124">
         <path>C:\ti\ccs1020\ccs\tools\compiler\ti-cgt-arm_20.2.2.LTS\lib\</path>
         <kind>archive</kind>
         <file>rtsv7M4_T_le_v4SPD16_eabi.lib</file>
         <name>hostlseek.c.obj</name>
      </input_file>
      <input_file id="fl-125">
         <path>C:\ti\ccs1020\ccs\tools\compiler\ti-cgt-arm_20.2.2.LTS\lib\</path>
         <kind>archive</kind>
         <file>rtsv7M4_T_le_v4SPD16_eabi.lib</file>
         <name>hostopen.c.obj</name>
      </input_file>
      <input_file id="fl-126">
         <path>C:\ti\ccs1020\ccs\tools\compiler\ti-cgt-arm_20.2.2.LTS\lib\</path>
         <kind>archive</kind>
         <file>rtsv7M4_T_le_v4SPD16_eabi.lib</file>
         <name>hostread.c.obj</name>
      </input_file>
      <input_file id="fl-127">
         <path>C:\ti\ccs1020\ccs\tools\compiler\ti-cgt-arm_20.2.2.LTS\lib\</path>
         <kind>archive</kind>
         <file>rtsv7M4_T_le_v4SPD16_eabi.lib</file>
         <name>hostrename.c.obj</name>
      </input_file>
      <input_file id="fl-128">
         <path>C:\ti\ccs1020\ccs\tools\compiler\ti-cgt-arm_20.2.2.LTS\lib\</path>
         <kind>archive</kind>
         <file>rtsv7M4_T_le_v4SPD16_eabi.lib</file>
         <name>hostunlink.c.obj</name>
      </input_file>
      <input_file id="fl-129">
         <path>C:\ti\ccs1020\ccs\tools\compiler\ti-cgt-arm_20.2.2.LTS\lib\</path>
         <kind>archive</kind>
         <file>rtsv7M4_T_le_v4SPD16_eabi.lib</file>
         <name>hostwrite.c.obj</name>
      </input_file>
      <input_file id="fl-12a">
         <path>C:\ti\ccs1020\ccs\tools\compiler\ti-cgt-arm_20.2.2.LTS\lib\</path>
         <kind>archive</kind>
         <file>rtsv7M4_T_le_v4SPD16_eabi.lib</file>
         <name>trgmsg.c.obj</name>
      </input_file>
      <input_file id="fl-12b">
         <path>C:\ti\ccs1020\ccs\tools\compiler\ti-cgt-arm_20.2.2.LTS\lib\</path>
         <kind>archive</kind>
         <file>rtsv7M4_T_le_v4SPD16_eabi.lib</file>
         <name>strcpy.c.obj</name>
      </input_file>
   </input_file_list>
   <object_component_list>
      <object_component id="oc-26">
         <name>.intvecs:retain</name>
         <load_address>0x0</load_address>
         <run_address>0x0</run_address>
         <size>0xe4</size>
         <input_file_ref idref="fl-15"/>
      </object_component>
      <object_component id="oc-1df">
         <name>.text</name>
         <load_address>0xe4</load_address>
         <run_address>0xe4</run_address>
         <size>0xd5e0</size>
         <input_file_ref idref="fl-20"/>
      </object_component>
      <object_component id="oc-1d3">
         <name>.text</name>
         <load_address>0xd6c4</load_address>
         <run_address>0xd6c4</run_address>
         <size>0xc28</size>
         <input_file_ref idref="fl-21"/>
      </object_component>
      <object_component id="oc-82">
         <name>.text</name>
         <load_address>0xe2ec</load_address>
         <run_address>0xe2ec</run_address>
         <size>0x6c8</size>
         <input_file_ref idref="fl-11"/>
      </object_component>
      <object_component id="oc-294">
         <name>.text</name>
         <load_address>0xe9b4</load_address>
         <run_address>0xe9b4</run_address>
         <size>0x420</size>
         <input_file_ref idref="fl-d"/>
      </object_component>
      <object_component id="oc-b2">
         <name>.text</name>
         <load_address>0xedd4</load_address>
         <run_address>0xedd4</run_address>
         <size>0x374</size>
         <input_file_ref idref="fl-c"/>
      </object_component>
      <object_component id="oc-7c">
         <name>.text</name>
         <load_address>0xf148</load_address>
         <run_address>0xf148</run_address>
         <size>0x360</size>
         <input_file_ref idref="fl-23"/>
      </object_component>
      <object_component id="oc-c4">
         <name>.text</name>
         <load_address>0xf4a8</load_address>
         <run_address>0xf4a8</run_address>
         <size>0x32c</size>
         <input_file_ref idref="fl-16"/>
      </object_component>
      <object_component id="oc-1ac">
         <name>.text</name>
         <load_address>0xf7d4</load_address>
         <run_address>0xf7d4</run_address>
         <size>0x170</size>
         <input_file_ref idref="fl-a"/>
      </object_component>
      <object_component id="oc-197">
         <name>.text:atan2f</name>
         <load_address>0xf944</load_address>
         <run_address>0xf944</run_address>
         <size>0x158</size>
         <input_file_ref idref="fl-ec"/>
      </object_component>
      <object_component id="oc-284">
         <name>.text:atanf</name>
         <load_address>0xfa9c</load_address>
         <run_address>0xfa9c</run_address>
         <size>0x150</size>
         <input_file_ref idref="fl-ed"/>
      </object_component>
      <object_component id="oc-76">
         <name>.text</name>
         <load_address>0xfbec</load_address>
         <run_address>0xfbec</run_address>
         <size>0x108</size>
         <input_file_ref idref="fl-10"/>
      </object_component>
      <object_component id="oc-332">
         <name>.text:CS_getDCOFrequency</name>
         <load_address>0xfcf4</load_address>
         <run_address>0xfcf4</run_address>
         <size>0x104</size>
         <input_file_ref idref="fl-2b"/>
      </object_component>
      <object_component id="oc-1a2">
         <name>.text</name>
         <load_address>0xfdf8</load_address>
         <run_address>0xfdf8</run_address>
         <size>0xfc</size>
         <input_file_ref idref="fl-f1"/>
      </object_component>
      <object_component id="oc-2c2">
         <name>.text:CS_initClockSignal</name>
         <load_address>0xfef4</load_address>
         <run_address>0xfef4</run_address>
         <size>0xe0</size>
         <input_file_ref idref="fl-2b"/>
      </object_component>
      <object_component id="oc-41b">
         <name>.text:__PCM_setPowerModeAdvanced</name>
         <load_address>0xffd4</load_address>
         <run_address>0xffd4</run_address>
         <size>0xdc</size>
         <input_file_ref idref="fl-30"/>
      </object_component>
      <object_component id="oc-365">
         <name>.text:__PCM_setCoreVoltageLevelAdvanced</name>
         <load_address>0x100b0</load_address>
         <run_address>0x100b0</run_address>
         <size>0xb0</size>
         <input_file_ref idref="fl-30"/>
      </object_component>
      <object_component id="oc-36f">
         <name>.text:CS_startHFXTWithTimeout</name>
         <load_address>0x10160</load_address>
         <run_address>0x10160</run_address>
         <size>0x9c</size>
         <input_file_ref idref="fl-2b"/>
      </object_component>
      <object_component id="oc-248">
         <name>.text:_CSComputeCLKFrequency</name>
         <load_address>0x101fc</load_address>
         <run_address>0x101fc</run_address>
         <size>0x9c</size>
         <input_file_ref idref="fl-2b"/>
      </object_component>
      <object_component id="oc-3a">
         <name>.text</name>
         <load_address>0x10298</load_address>
         <run_address>0x10298</run_address>
         <size>0x9c</size>
         <input_file_ref idref="fl-f5"/>
      </object_component>
      <object_component id="oc-70">
         <name>.text</name>
         <load_address>0x10334</load_address>
         <run_address>0x10334</run_address>
         <size>0x90</size>
         <input_file_ref idref="fl-13"/>
      </object_component>
      <object_component id="oc-1c7">
         <name>.text</name>
         <load_address>0x103c4</load_address>
         <run_address>0x103c4</run_address>
         <size>0x84</size>
         <input_file_ref idref="fl-1a"/>
      </object_component>
      <object_component id="oc-a6">
         <name>.text</name>
         <load_address>0x10448</load_address>
         <run_address>0x10448</run_address>
         <size>0x7a</size>
         <input_file_ref idref="fl-f8"/>
      </object_component>
      <object_component id="oc-1b2">
         <name>.text</name>
         <load_address>0x104c4</load_address>
         <run_address>0x104c4</run_address>
         <size>0x78</size>
         <input_file_ref idref="fl-3"/>
      </object_component>
      <object_component id="oc-3f7">
         <name>.text:_CSGetHFXTFrequency</name>
         <load_address>0x1053c</load_address>
         <run_address>0x1053c</run_address>
         <size>0x70</size>
         <input_file_ref idref="fl-2b"/>
      </object_component>
      <object_component id="oc-1a7">
         <name>.text</name>
         <load_address>0x105ac</load_address>
         <run_address>0x105ac</run_address>
         <size>0x6e</size>
         <input_file_ref idref="fl-f2"/>
      </object_component>
      <object_component id="oc-17">
         <name>.text:decompress:lzss:__TI_decompress_lzss</name>
         <load_address>0x1061a</load_address>
         <run_address>0x1061a</run_address>
         <size>0x68</size>
         <input_file_ref idref="fl-fb"/>
      </object_component>
      <object_component id="oc-11b">
         <name>.text:Interrupt_disableInterrupt</name>
         <load_address>0x10684</load_address>
         <run_address>0x10684</run_address>
         <size>0x64</size>
         <input_file_ref idref="fl-2f"/>
      </object_component>
      <object_component id="oc-10f">
         <name>.text:Interrupt_enableInterrupt</name>
         <load_address>0x106e8</load_address>
         <run_address>0x106e8</run_address>
         <size>0x64</size>
         <input_file_ref idref="fl-2f"/>
      </object_component>
      <object_component id="oc-3bc">
         <name>.text:SysCtl_getTLVInfo</name>
         <load_address>0x1074c</load_address>
         <run_address>0x1074c</run_address>
         <size>0x50</size>
         <input_file_ref idref="fl-33"/>
      </object_component>
      <object_component id="oc-df">
         <name>.text:GPIO_setAsPeripheralModuleFunctionOutputPin</name>
         <load_address>0x1079c</load_address>
         <run_address>0x1079c</run_address>
         <size>0x4c</size>
         <input_file_ref idref="fl-2d"/>
      </object_component>
      <object_component id="oc-3b6">
         <name>.text:_CSGetDOCFrequency</name>
         <load_address>0x107e8</load_address>
         <run_address>0x107e8</run_address>
         <size>0x4c</size>
         <input_file_ref idref="fl-2b"/>
      </object_component>
      <object_component id="oc-32c">
         <name>.text:_CSGetDividerValue</name>
         <load_address>0x10834</load_address>
         <run_address>0x10834</run_address>
         <size>0x48</size>
         <input_file_ref idref="fl-2b"/>
      </object_component>
      <object_component id="oc-202">
         <name>.text:__TI_auto_init_nobinit_nopinit:__TI_auto_init_nobinit_nopinit</name>
         <load_address>0x1087c</load_address>
         <run_address>0x1087c</run_address>
         <size>0x44</size>
         <input_file_ref idref="fl-10d"/>
      </object_component>
      <object_component id="oc-f1">
         <name>.text:I2C_initMaster</name>
         <load_address>0x108c0</load_address>
         <run_address>0x108c0</run_address>
         <size>0x3e</size>
         <input_file_ref idref="fl-2e"/>
      </object_component>
      <object_component id="oc-109">
         <name>.text:I2C_masterSendMultiByteStart</name>
         <load_address>0x10900</load_address>
         <run_address>0x10900</run_address>
         <size>0x38</size>
         <input_file_ref idref="fl-2e"/>
      </object_component>
      <object_component id="oc-19d">
         <name>.text</name>
         <load_address>0x10938</load_address>
         <run_address>0x10938</run_address>
         <size>0x38</size>
         <input_file_ref idref="fl-f3"/>
      </object_component>
      <object_component id="oc-58">
         <name>.text:_c_int00_noargs:_c_int00_noargs</name>
         <load_address>0x10970</load_address>
         <run_address>0x10970</run_address>
         <size>0x34</size>
         <input_file_ref idref="fl-102"/>
      </object_component>
      <object_component id="oc-139">
         <name>.text:I2C_masterSendMultiByteStop</name>
         <load_address>0x109a4</load_address>
         <run_address>0x109a4</run_address>
         <size>0x30</size>
         <input_file_ref idref="fl-2e"/>
      </object_component>
      <object_component id="oc-3d5">
         <name>.text:PCM_getCoreVoltageLevel</name>
         <load_address>0x109d4</load_address>
         <run_address>0x109d4</run_address>
         <size>0x2c</size>
         <input_file_ref idref="fl-30"/>
      </object_component>
      <object_component id="oc-3cf">
         <name>.text:PCM_getPowerMode</name>
         <load_address>0x10a00</load_address>
         <run_address>0x10a00</run_address>
         <size>0x2a</size>
         <input_file_ref idref="fl-30"/>
      </object_component>
      <object_component id="oc-2b6">
         <name>.text:FlashCtl_setWaitState</name>
         <load_address>0x10a2c</load_address>
         <run_address>0x10a2c</run_address>
         <size>0x28</size>
         <input_file_ref idref="fl-2c"/>
      </object_component>
      <object_component id="oc-2d6">
         <name>.text</name>
         <load_address>0x10a54</load_address>
         <run_address>0x10a54</run_address>
         <size>0x26</size>
         <input_file_ref idref="fl-22"/>
      </object_component>
      <object_component id="oc-338">
         <name>.text:CS_clearInterruptFlag</name>
         <load_address>0x10a7c</load_address>
         <run_address>0x10a7c</run_address>
         <size>0x24</size>
         <input_file_ref idref="fl-2b"/>
      </object_component>
      <object_component id="oc-1d9">
         <name>.text</name>
         <load_address>0x10aa0</load_address>
         <run_address>0x10aa0</run_address>
         <size>0x24</size>
         <input_file_ref idref="fl-5"/>
      </object_component>
      <object_component id="oc-145">
         <name>.text:I2C_masterSendMultiByteNext</name>
         <load_address>0x10ac4</load_address>
         <run_address>0x10ac4</run_address>
         <size>0x24</size>
         <input_file_ref idref="fl-2e"/>
      </object_component>
      <object_component id="oc-2c8">
         <name>.text:CS_getMCLK</name>
         <load_address>0x10ae8</load_address>
         <run_address>0x10ae8</run_address>
         <size>0x18</size>
         <input_file_ref idref="fl-2b"/>
      </object_component>
      <object_component id="oc-d9">
         <name>.text:CS_getSMCLK</name>
         <load_address>0x10b00</load_address>
         <run_address>0x10b00</run_address>
         <size>0x18</size>
         <input_file_ref idref="fl-2b"/>
      </object_component>
      <object_component id="oc-1bb">
         <name>.text:WDT_A_clearTimer</name>
         <load_address>0x10b18</load_address>
         <run_address>0x10b18</run_address>
         <size>0x18</size>
         <input_file_ref idref="fl-35"/>
      </object_component>
      <object_component id="oc-1c1">
         <name>.text:WDT_A_holdTimer</name>
         <load_address>0x10b30</load_address>
         <run_address>0x10b30</run_address>
         <size>0x18</size>
         <input_file_ref idref="fl-35"/>
      </object_component>
      <object_component id="oc-2b0">
         <name>.text:CS_setExternalClockSourceFrequency</name>
         <load_address>0x10b48</load_address>
         <run_address>0x10b48</run_address>
         <size>0x14</size>
         <input_file_ref idref="fl-2b"/>
      </object_component>
      <object_component id="oc-e5">
         <name>.text:I2C_isBusBusy</name>
         <load_address>0x10b5c</load_address>
         <run_address>0x10b5c</run_address>
         <size>0x14</size>
         <input_file_ref idref="fl-2e"/>
      </object_component>
      <object_component id="oc-1cd">
         <name>.text:WDT_A_initWatchdogTimer</name>
         <load_address>0x10b70</load_address>
         <run_address>0x10b70</run_address>
         <size>0x14</size>
         <input_file_ref idref="fl-35"/>
      </object_component>
      <object_component id="oc-127">
         <name>.text:I2C_masterReceiveStart</name>
         <load_address>0x10b84</load_address>
         <run_address>0x10b84</run_address>
         <size>0x10</size>
         <input_file_ref idref="fl-2e"/>
      </object_component>
      <object_component id="oc-3f1">
         <name>.text:SysCtl_disableNMISource</name>
         <load_address>0x10b94</load_address>
         <run_address>0x10b94</run_address>
         <size>0x10</size>
         <input_file_ref idref="fl-33"/>
      </object_component>
      <object_component id="oc-3fd">
         <name>.text:SysCtl_enableNMISource</name>
         <load_address>0x10ba4</load_address>
         <run_address>0x10ba4</run_address>
         <size>0x10</size>
         <input_file_ref idref="fl-33"/>
      </object_component>
      <object_component id="oc-133">
         <name>.text:I2C_clearInterruptFlag</name>
         <load_address>0x10bb4</load_address>
         <run_address>0x10bb4</run_address>
         <size>0xe</size>
         <input_file_ref idref="fl-2e"/>
      </object_component>
      <object_component id="oc-115">
         <name>.text:I2C_disableInterrupt</name>
         <load_address>0x10bc2</load_address>
         <run_address>0x10bc2</run_address>
         <size>0xe</size>
         <input_file_ref idref="fl-2e"/>
      </object_component>
      <object_component id="oc-1d">
         <name>.text:decompress:none:__TI_decompress_none</name>
         <load_address>0x10bd0</load_address>
         <run_address>0x10bd0</run_address>
         <size>0xe</size>
         <input_file_ref idref="fl-fa"/>
      </object_component>
      <object_component id="oc-6a">
         <name>.text</name>
         <load_address>0x10bde</load_address>
         <run_address>0x10bde</run_address>
         <size>0xe</size>
         <input_file_ref idref="fl-15"/>
      </object_component>
      <object_component id="oc-eb">
         <name>.text:I2C_disableModule</name>
         <load_address>0x10bec</load_address>
         <run_address>0x10bec</run_address>
         <size>0xc</size>
         <input_file_ref idref="fl-2e"/>
      </object_component>
      <object_component id="oc-fd">
         <name>.text:I2C_enableModule</name>
         <load_address>0x10bf8</load_address>
         <run_address>0x10bf8</run_address>
         <size>0xc</size>
         <input_file_ref idref="fl-2e"/>
      </object_component>
      <object_component id="oc-3db">
         <name>.text:PCM_getPowerState</name>
         <load_address>0x10c04</load_address>
         <run_address>0x10c04</run_address>
         <size>0xc</size>
         <input_file_ref idref="fl-30"/>
      </object_component>
      <object_component id="oc-3eb">
         <name>.text:SysCtl_getNMISourceStatus</name>
         <load_address>0x10c10</load_address>
         <run_address>0x10c10</run_address>
         <size>0xc</size>
         <input_file_ref idref="fl-33"/>
      </object_component>
      <object_component id="oc-4c">
         <name>.text:decompress:ZI:__TI_zero_init</name>
         <load_address>0x10c1c</load_address>
         <run_address>0x10c1c</run_address>
         <size>0xc</size>
         <input_file_ref idref="fl-f9"/>
      </object_component>
      <object_component id="oc-103">
         <name>.text:I2C_enableInterrupt</name>
         <load_address>0x10c28</load_address>
         <run_address>0x10c28</run_address>
         <size>0x8</size>
         <input_file_ref idref="fl-2e"/>
      </object_component>
      <object_component id="oc-2aa">
         <name>.text:PCM_setCoreVoltageLevel</name>
         <load_address>0x10c30</load_address>
         <run_address>0x10c30</run_address>
         <size>0x8</size>
         <input_file_ref idref="fl-30"/>
      </object_component>
      <object_component id="oc-3e1">
         <name>.text:PCM_setPowerMode</name>
         <load_address>0x10c38</load_address>
         <run_address>0x10c38</run_address>
         <size>0x8</size>
         <input_file_ref idref="fl-30"/>
      </object_component>
      <object_component id="oc-2bc">
         <name>.text:CS_startHFXT</name>
         <load_address>0x10c40</load_address>
         <run_address>0x10c40</run_address>
         <size>0x6</size>
         <input_file_ref idref="fl-2b"/>
      </object_component>
      <object_component id="oc-12d">
         <name>.text:I2C_getEnabledInterruptStatus</name>
         <load_address>0x10c46</load_address>
         <run_address>0x10c46</run_address>
         <size>0x6</size>
         <input_file_ref idref="fl-2e"/>
      </object_component>
      <object_component id="oc-121">
         <name>.text:I2C_getInterruptStatus</name>
         <load_address>0x10c4c</load_address>
         <run_address>0x10c4c</run_address>
         <size>0x6</size>
         <input_file_ref idref="fl-2e"/>
      </object_component>
      <object_component id="oc-13f">
         <name>.text:I2C_masterReceiveMultiByteNext</name>
         <load_address>0x10c52</load_address>
         <run_address>0x10c52</run_address>
         <size>0x6</size>
         <input_file_ref idref="fl-2e"/>
      </object_component>
      <object_component id="oc-380">
         <name>.text:SysCtlDelay</name>
         <load_address>0x10c58</load_address>
         <run_address>0x10c58</run_address>
         <size>0x6</size>
         <input_file_ref idref="fl-22"/>
      </object_component>
      <object_component id="oc-f7">
         <name>.text:I2C_setSlaveAddress</name>
         <load_address>0x10c5e</load_address>
         <run_address>0x10c5e</run_address>
         <size>0x4</size>
         <input_file_ref idref="fl-2e"/>
      </object_component>
      <object_component id="oc-ac">
         <name>.text:_system_pre_init</name>
         <load_address>0x10c62</load_address>
         <run_address>0x10c62</run_address>
         <size>0x4</size>
         <input_file_ref idref="fl-10e"/>
      </object_component>
      <object_component id="oc-1f6">
         <name>.text:abort:abort</name>
         <load_address>0x10c66</load_address>
         <run_address>0x10c66</run_address>
         <size>0x4</size>
         <input_file_ref idref="fl-fc"/>
      </object_component>
      <object_component id="oc-261">
         <name>.const</name>
         <load_address>0x10c6c</load_address>
         <run_address>0x10c6c</run_address>
         <size>0x40</size>
         <input_file_ref idref="fl-2f"/>
      </object_component>
      <object_component id="oc-359">
         <name>.const:$O1$$</name>
         <load_address>0x10cac</load_address>
         <run_address>0x10cac</run_address>
         <size>0x34</size>
         <input_file_ref idref="fl-ed"/>
      </object_component>
      <object_component id="oc-302">
         <name>.const:yas532_version_ac_coef</name>
         <load_address>0x10ce0</load_address>
         <run_address>0x10ce0</run_address>
         <size>0xc</size>
         <input_file_ref idref="fl-20"/>
      </object_component>
      <object_component id="oc-306">
         <name>.const:v_calib_data$2</name>
         <load_address>0x10cec</load_address>
         <run_address>0x10cec</run_address>
         <size>0x8</size>
         <input_file_ref idref="fl-20"/>
      </object_component>
      <object_component id="oc-305">
         <name>.const:.string:v_correct_u8$1</name>
         <load_address>0x10cf4</load_address>
         <run_address>0x10cf4</run_address>
         <size>0x5</size>
         <input_file_ref idref="fl-20"/>
      </object_component>
      <object_component id="oc-2ff">
         <name>.const:.string:INVALID_OFFSET</name>
         <load_address>0x10cf9</load_address>
         <run_address>0x10cf9</run_address>
         <size>0x3</size>
         <input_file_ref idref="fl-20"/>
      </object_component>
      <object_component id="oc-45c">
         <name>.cinit..data.load</name>
         <load_address>0x10d00</load_address>
         <run_address>0x10d00</run_address>
         <size>0x53</size>
      </object_component>
      <object_component id="oc-45a">
         <name>__TI_handler_table</name>
         <load_address>0x10d54</load_address>
         <run_address>0x10d54</run_address>
         <size>0xc</size>
      </object_component>
      <object_component id="oc-45d">
         <name>.cinit..bss.load</name>
         <load_address>0x10d60</load_address>
         <run_address>0x10d60</run_address>
         <size>0x8</size>
      </object_component>
      <object_component id="oc-45b">
         <name>__TI_cinit_table</name>
         <load_address>0x10d68</load_address>
         <run_address>0x10d68</run_address>
         <size>0x10</size>
      </object_component>
      <object_component id="oc-42e">
         <name>.binit</name>
         <load_address>0x0</load_address>
         <run_address>0x0</run_address>
         <size>0x0</size>
      </object_component>
      <object_component id="oc-1eb">
         <name>.data</name>
         <load_address>0x20002ebc</load_address>
         <run_address>0x20002ebc</run_address>
         <size>0x10</size>
         <input_file_ref idref="fl-c"/>
      </object_component>
      <object_component id="oc-d4">
         <name>.data</name>
         <load_address>0x20002ed8</load_address>
         <run_address>0x20002ed8</run_address>
         <size>0x8</size>
         <input_file_ref idref="fl-10"/>
      </object_component>
      <object_component id="oc-16a">
         <name>.data</name>
         <load_address>0x20002ecc</load_address>
         <run_address>0x20002ecc</run_address>
         <size>0xc</size>
         <input_file_ref idref="fl-11"/>
      </object_component>
      <object_component id="oc-234">
         <name>.data</name>
         <load_address>0x20002ee8</load_address>
         <run_address>0x20002ee8</run_address>
         <size>0x4</size>
         <input_file_ref idref="fl-16"/>
      </object_component>
      <object_component id="oc-2f3">
         <name>.data</name>
         <load_address>0x20002ee0</load_address>
         <run_address>0x20002ee0</run_address>
         <size>0x8</size>
         <input_file_ref idref="fl-20"/>
      </object_component>
      <object_component id="oc-2eb">
         <name>.data:v_fifo_data_u8</name>
         <load_address>0x20002a78</load_address>
         <run_address>0x20002a78</run_address>
         <size>0x400</size>
         <input_file_ref idref="fl-20"/>
      </object_component>
      <object_component id="oc-153">
         <name>.data</name>
         <load_address>0x20002eec</load_address>
         <run_address>0x20002eec</run_address>
         <size>0x1</size>
         <input_file_ref idref="fl-23"/>
      </object_component>
      <object_component id="oc-14b">
         <name>.data:i2cConfig</name>
         <load_address>0x20002ea8</load_address>
         <run_address>0x20002ea8</run_address>
         <size>0x14</size>
         <input_file_ref idref="fl-23"/>
      </object_component>
      <object_component id="oc-254">
         <name>.data:GPIO_PORT_TO_BASE</name>
         <load_address>0x20002e78</load_address>
         <run_address>0x20002e78</run_address>
         <size>0x30</size>
         <input_file_ref idref="fl-2d"/>
      </object_component>
      <object_component id="oc-2e8">
         <name>.bss</name>
         <uninitialized>true</uninitialized>
         <run_address>0x20002a2c</run_address>
         <size>0x4</size>
         <input_file_ref idref="fl-20"/>
      </object_component>
      <object_component id="oc-2f6">
         <name>.bss:mag_trim</name>
         <uninitialized>true</uninitialized>
         <run_address>0x20002a08</run_address>
         <size>0x10</size>
         <input_file_ref idref="fl-20"/>
      </object_component>
      <object_component id="oc-2f9">
         <name>.bss:akm_asa_data</name>
         <uninitialized>true</uninitialized>
         <run_address>0x20002a70</run_address>
         <size>0x3</size>
         <input_file_ref idref="fl-20"/>
      </object_component>
      <object_component id="oc-2fc">
         <name>.bss:yas532_data</name>
         <uninitialized>true</uninitialized>
         <run_address>0x20002984</run_address>
         <size>0x70</size>
         <input_file_ref idref="fl-20"/>
      </object_component>
      <object_component id="oc-1b8">
         <name>.common:accelData</name>
         <uninitialized>true</uninitialized>
         <run_address>0x20002a18</run_address>
         <size>0x6</size>
      </object_component>
      <object_component id="oc-1e8">
         <name>.common:gyroData_x</name>
         <uninitialized>true</uninitialized>
         <run_address>0x20002a2a</run_address>
         <size>0x2</size>
      </object_component>
      <object_component id="oc-1e5">
         <name>.common:pitch</name>
         <uninitialized>true</uninitialized>
         <run_address>0x20002a68</run_address>
         <size>0x4</size>
      </object_component>
      <object_component id="oc-1e6">
         <name>.common:pitch_fp</name>
         <uninitialized>true</uninitialized>
         <run_address>0x20002a6c</run_address>
         <size>0x4</size>
      </object_component>
      <object_component id="oc-1e7">
         <name>.common:gyroDeg_fp</name>
         <uninitialized>true</uninitialized>
         <run_address>0x20002a58</run_address>
         <size>0x4</size>
      </object_component>
      <object_component id="oc-1e9">
         <name>.common:compDeg_fp</name>
         <uninitialized>true</uninitialized>
         <run_address>0x20002a50</run_address>
         <size>0x4</size>
      </object_component>
      <object_component id="oc-1ea">
         <name>.common:angleBuffer</name>
         <uninitialized>true</uninitialized>
         <run_address>0x20000000</run_address>
         <size>0xfa0</size>
      </object_component>
      <object_component id="oc-1ef">
         <name>.common:Error</name>
         <uninitialized>true</uninitialized>
         <run_address>0x20002a30</run_address>
         <size>0x4</size>
      </object_component>
      <object_component id="oc-1ee">
         <name>.common:Error_old</name>
         <uninitialized>true</uninitialized>
         <run_address>0x20002a34</run_address>
         <size>0x4</size>
      </object_component>
      <object_component id="oc-1f0">
         <name>.common:Up</name>
         <uninitialized>true</uninitialized>
         <run_address>0x20002a48</run_address>
         <size>0x4</size>
      </object_component>
      <object_component id="oc-1f1">
         <name>.common:Ui</name>
         <uninitialized>true</uninitialized>
         <run_address>0x20002a44</run_address>
         <size>0x4</size>
      </object_component>
      <object_component id="oc-1f2">
         <name>.common:Ud</name>
         <uninitialized>true</uninitialized>
         <run_address>0x20002a40</run_address>
         <size>0x4</size>
      </object_component>
      <object_component id="oc-1f3">
         <name>.common:Upid</name>
         <uninitialized>true</uninitialized>
         <run_address>0x20002a4c</run_address>
         <size>0x4</size>
      </object_component>
      <object_component id="oc-1f4">
         <name>.common:dutyBuffer</name>
         <uninitialized>true</uninitialized>
         <run_address>0x20000fa0</run_address>
         <size>0xfa0</size>
      </object_component>
      <object_component id="oc-167">
         <name>.common:LogicData</name>
         <uninitialized>true</uninitialized>
         <run_address>0x20002a73</run_address>
         <size>0x1</size>
      </object_component>
      <object_component id="oc-16d">
         <name>.common:PeriodicTask2</name>
         <uninitialized>true</uninitialized>
         <run_address>0x20002a38</run_address>
         <size>0x4</size>
      </object_component>
      <object_component id="oc-cb">
         <name>.common:TimerA1Task</name>
         <uninitialized>true</uninitialized>
         <run_address>0x20002a3c</run_address>
         <size>0x4</size>
      </object_component>
      <object_component id="oc-2ee">
         <name>.common:accel_fifo</name>
         <uninitialized>true</uninitialized>
         <run_address>0x20001f40</run_address>
         <size>0x36c</size>
      </object_component>
      <object_component id="oc-2f1">
         <name>.common:gyro_fifo</name>
         <uninitialized>true</uninitialized>
         <run_address>0x200022ac</run_address>
         <size>0x36c</size>
      </object_component>
      <object_component id="oc-2f2">
         <name>.common:mag_fifo</name>
         <uninitialized>true</uninitialized>
         <run_address>0x20002618</run_address>
         <size>0x36c</size>
      </object_component>
      <object_component id="oc-2d1">
         <name>.common:s_bmi160</name>
         <uninitialized>true</uninitialized>
         <run_address>0x200029f4</run_address>
         <size>0x14</size>
      </object_component>
      <object_component id="oc-2d4">
         <name>.common:gyroxyz</name>
         <uninitialized>true</uninitialized>
         <run_address>0x20002a24</run_address>
         <size>0x6</size>
      </object_component>
      <object_component id="oc-2d5">
         <name>.common:accelxyz</name>
         <uninitialized>true</uninitialized>
         <run_address>0x20002a1e</run_address>
         <size>0x6</size>
      </object_component>
      <object_component id="oc-151">
         <name>.common:ui8Status</name>
         <uninitialized>true</uninitialized>
         <run_address>0x20002a75</run_address>
         <size>0x1</size>
      </object_component>
      <object_component id="oc-14e">
         <name>.common:pData</name>
         <uninitialized>true</uninitialized>
         <run_address>0x20002a64</run_address>
         <size>0x4</size>
      </object_component>
      <object_component id="oc-156">
         <name>.common:ui8DummyRead</name>
         <uninitialized>true</uninitialized>
         <run_address>0x20002a74</run_address>
         <size>0x1</size>
      </object_component>
      <object_component id="oc-152">
         <name>.common:g_ui32ByteCount</name>
         <uninitialized>true</uninitialized>
         <run_address>0x20002a54</run_address>
         <size>0x4</size>
      </object_component>
      <object_component id="oc-33e">
         <name>.common:hfxtFreq</name>
         <uninitialized>true</uninitialized>
         <run_address>0x20002a5c</run_address>
         <size>0x4</size>
      </object_component>
      <object_component id="oc-341">
         <name>.common:lfxtFreq</name>
         <uninitialized>true</uninitialized>
         <run_address>0x20002a60</run_address>
         <size>0x4</size>
      </object_component>
      <object_component id="oc-29">
         <name>.sysmem</name>
         <uninitialized>true</uninitialized>
         <run_address>0x20002ef0</run_address>
         <size>0x10</size>
         <input_file_ref idref="fl-ff"/>
      </object_component>
      <object_component id="oc-460">
         <name>.sysmem</name>
         <uninitialized>true</uninitialized>
         <run_address>0x20002ef0</run_address>
         <size>0x0</size>
      </object_component>
      <object_component id="oc-2c">
         <name>.stack</name>
         <uninitialized>true</uninitialized>
         <run_address>0x2000fe00</run_address>
         <size>0x4</size>
         <input_file_ref idref="fl-102"/>
      </object_component>
      <object_component id="oc-45f">
         <name>.stack</name>
         <uninitialized>true</uninitialized>
         <run_address>0x2000fe00</run_address>
         <size>0x0</size>
      </object_component>
      <object_component id="oc-27f">
         <name>.debug_info</name>
         <load_address>0x0</load_address>
         <run_address>0x0</run_address>
         <size>0x556</size>
         <input_file_ref idref="fl-2"/>
      </object_component>
      <object_component id="oc-162">
         <name>.debug_info</name>
         <load_address>0x556</load_address>
         <run_address>0x556</run_address>
         <size>0x37e2</size>
         <input_file_ref idref="fl-2"/>
      </object_component>
      <object_component id="oc-176">
         <name>.debug_info</name>
         <load_address>0x3d38</load_address>
         <run_address>0x3d38</run_address>
         <size>0x26b</size>
         <input_file_ref idref="fl-2"/>
      </object_component>
      <object_component id="oc-23a">
         <name>.debug_info</name>
         <load_address>0x3fa3</load_address>
         <run_address>0x3fa3</run_address>
         <size>0x1055</size>
         <input_file_ref idref="fl-2"/>
      </object_component>
      <object_component id="oc-35">
         <name>.debug_info</name>
         <load_address>0x4ff8</load_address>
         <run_address>0x4ff8</run_address>
         <size>0x84</size>
         <input_file_ref idref="fl-2"/>
      </object_component>
      <object_component id="oc-23f">
         <name>.debug_info</name>
         <load_address>0x507c</load_address>
         <run_address>0x507c</run_address>
         <size>0x2a4</size>
         <input_file_ref idref="fl-2"/>
      </object_component>
      <object_component id="oc-15d">
         <name>.debug_info</name>
         <load_address>0x5320</load_address>
         <run_address>0x5320</run_address>
         <size>0xef</size>
         <input_file_ref idref="fl-2"/>
      </object_component>
      <object_component id="oc-cf">
         <name>.debug_info</name>
         <load_address>0x540f</load_address>
         <run_address>0x540f</run_address>
         <size>0xbb</size>
         <input_file_ref idref="fl-2"/>
      </object_component>
      <object_component id="oc-1b3">
         <name>.debug_info</name>
         <load_address>0x54ca</load_address>
         <run_address>0x54ca</run_address>
         <size>0x1f9</size>
         <input_file_ref idref="fl-3"/>
      </object_component>
      <object_component id="oc-1da">
         <name>.debug_info</name>
         <load_address>0x56c3</load_address>
         <run_address>0x56c3</run_address>
         <size>0x3ef</size>
         <input_file_ref idref="fl-5"/>
      </object_component>
      <object_component id="oc-1b0">
         <name>.debug_info</name>
         <load_address>0x5ab2</load_address>
         <run_address>0x5ab2</run_address>
         <size>0x6a3</size>
         <input_file_ref idref="fl-a"/>
      </object_component>
      <object_component id="oc-1b9">
         <name>.debug_info</name>
         <load_address>0x6155</load_address>
         <run_address>0x6155</run_address>
         <size>0xb71</size>
         <input_file_ref idref="fl-c"/>
      </object_component>
      <object_component id="oc-1ec">
         <name>.debug_info</name>
         <load_address>0x6cc6</load_address>
         <run_address>0x6cc6</run_address>
         <size>0x11a</size>
         <input_file_ref idref="fl-c"/>
      </object_component>
      <object_component id="oc-b4">
         <name>.debug_info</name>
         <load_address>0x6de0</load_address>
         <run_address>0x6de0</run_address>
         <size>0x542</size>
         <input_file_ref idref="fl-c"/>
      </object_component>
      <object_component id="oc-273">
         <name>.debug_info</name>
         <load_address>0x7322</load_address>
         <run_address>0x7322</run_address>
         <size>0x6c</size>
         <input_file_ref idref="fl-c"/>
      </object_component>
      <object_component id="oc-278">
         <name>.debug_info</name>
         <load_address>0x738e</load_address>
         <run_address>0x738e</run_address>
         <size>0x9a</size>
         <input_file_ref idref="fl-c"/>
      </object_component>
      <object_component id="oc-158">
         <name>.debug_info</name>
         <load_address>0x7428</load_address>
         <run_address>0x7428</run_address>
         <size>0x8b</size>
         <input_file_ref idref="fl-c"/>
      </object_component>
      <object_component id="oc-29e">
         <name>.debug_info</name>
         <load_address>0x74b3</load_address>
         <run_address>0x74b3</run_address>
         <size>0x338</size>
         <input_file_ref idref="fl-c"/>
      </object_component>
      <object_component id="oc-2a3">
         <name>.debug_info</name>
         <load_address>0x77eb</load_address>
         <run_address>0x77eb</run_address>
         <size>0x661</size>
         <input_file_ref idref="fl-c"/>
      </object_component>
      <object_component id="oc-298">
         <name>.debug_info</name>
         <load_address>0x7e4c</load_address>
         <run_address>0x7e4c</run_address>
         <size>0xbf0</size>
         <input_file_ref idref="fl-d"/>
      </object_component>
      <object_component id="oc-d8">
         <name>.debug_info</name>
         <load_address>0x8a3c</load_address>
         <run_address>0x8a3c</run_address>
         <size>0x56c</size>
         <input_file_ref idref="fl-10"/>
      </object_component>
      <object_component id="oc-d5">
         <name>.debug_info</name>
         <load_address>0x8fa8</load_address>
         <run_address>0x8fa8</run_address>
         <size>0x134</size>
         <input_file_ref idref="fl-10"/>
      </object_component>
      <object_component id="oc-77">
         <name>.debug_info</name>
         <load_address>0x90dc</load_address>
         <run_address>0x90dc</run_address>
         <size>0x51a</size>
         <input_file_ref idref="fl-10"/>
      </object_component>
      <object_component id="oc-168">
         <name>.debug_info</name>
         <load_address>0x95f6</load_address>
         <run_address>0x95f6</run_address>
         <size>0x5ab</size>
         <input_file_ref idref="fl-11"/>
      </object_component>
      <object_component id="oc-16b">
         <name>.debug_info</name>
         <load_address>0x9ba1</load_address>
         <run_address>0x9ba1</run_address>
         <size>0x18f</size>
         <input_file_ref idref="fl-11"/>
      </object_component>
      <object_component id="oc-86">
         <name>.debug_info</name>
         <load_address>0x9d30</load_address>
         <run_address>0x9d30</run_address>
         <size>0x206a</size>
         <input_file_ref idref="fl-11"/>
      </object_component>
      <object_component id="oc-16f">
         <name>.debug_info</name>
         <load_address>0xbd9a</load_address>
         <run_address>0xbd9a</run_address>
         <size>0xc6</size>
         <input_file_ref idref="fl-11"/>
      </object_component>
      <object_component id="oc-cc">
         <name>.debug_info</name>
         <load_address>0xbe60</load_address>
         <run_address>0xbe60</run_address>
         <size>0x581</size>
         <input_file_ref idref="fl-13"/>
      </object_component>
      <object_component id="oc-71">
         <name>.debug_info</name>
         <load_address>0xc3e1</load_address>
         <run_address>0xc3e1</run_address>
         <size>0x304</size>
         <input_file_ref idref="fl-13"/>
      </object_component>
      <object_component id="oc-8a">
         <name>.debug_info</name>
         <load_address>0xc6e5</load_address>
         <run_address>0xc6e5</run_address>
         <size>0x2cc</size>
         <input_file_ref idref="fl-15"/>
      </object_component>
      <object_component id="oc-27">
         <name>.debug_info</name>
         <load_address>0xc9b1</load_address>
         <run_address>0xc9b1</run_address>
         <size>0xf8</size>
         <input_file_ref idref="fl-15"/>
      </object_component>
      <object_component id="oc-6b">
         <name>.debug_info</name>
         <load_address>0xcaa9</load_address>
         <run_address>0xcaa9</run_address>
         <size>0x1bf</size>
         <input_file_ref idref="fl-15"/>
      </object_component>
      <object_component id="oc-235">
         <name>.debug_info</name>
         <load_address>0xcc68</load_address>
         <run_address>0xcc68</run_address>
         <size>0xf1</size>
         <input_file_ref idref="fl-16"/>
      </object_component>
      <object_component id="oc-c5">
         <name>.debug_info</name>
         <load_address>0xcd59</load_address>
         <run_address>0xcd59</run_address>
         <size>0x263</size>
         <input_file_ref idref="fl-16"/>
      </object_component>
      <object_component id="oc-18e">
         <name>.debug_info</name>
         <load_address>0xcfbc</load_address>
         <run_address>0xcfbc</run_address>
         <size>0x2c</size>
         <input_file_ref idref="fl-17"/>
      </object_component>
      <object_component id="oc-1c9">
         <name>.debug_info</name>
         <load_address>0xcfe8</load_address>
         <run_address>0xcfe8</run_address>
         <size>0x31e</size>
         <input_file_ref idref="fl-1a"/>
      </object_component>
      <object_component id="oc-2ef">
         <name>.debug_info</name>
         <load_address>0xd306</load_address>
         <run_address>0xd306</run_address>
         <size>0x4c5</size>
         <input_file_ref idref="fl-20"/>
      </object_component>
      <object_component id="oc-300">
         <name>.debug_info</name>
         <load_address>0xd7cb</load_address>
         <run_address>0xd7cb</run_address>
         <size>0xfb</size>
         <input_file_ref idref="fl-20"/>
      </object_component>
      <object_component id="oc-2e9">
         <name>.debug_info</name>
         <load_address>0xd8c6</load_address>
         <run_address>0xd8c6</run_address>
         <size>0xee</size>
         <input_file_ref idref="fl-20"/>
      </object_component>
      <object_component id="oc-2f7">
         <name>.debug_info</name>
         <load_address>0xd9b4</load_address>
         <run_address>0xd9b4</run_address>
         <size>0xee</size>
         <input_file_ref idref="fl-20"/>
      </object_component>
      <object_component id="oc-2f4">
         <name>.debug_info</name>
         <load_address>0xdaa2</load_address>
         <run_address>0xdaa2</run_address>
         <size>0x14e</size>
         <input_file_ref idref="fl-20"/>
      </object_component>
      <object_component id="oc-2fa">
         <name>.debug_info</name>
         <load_address>0xdbf0</load_address>
         <run_address>0xdbf0</run_address>
         <size>0xf6</size>
         <input_file_ref idref="fl-20"/>
      </object_component>
      <object_component id="oc-2ec">
         <name>.debug_info</name>
         <load_address>0xdce6</load_address>
         <run_address>0xdce6</run_address>
         <size>0xfb</size>
         <input_file_ref idref="fl-20"/>
      </object_component>
      <object_component id="oc-303">
         <name>.debug_info</name>
         <load_address>0xdde1</load_address>
         <run_address>0xdde1</run_address>
         <size>0x10a</size>
         <input_file_ref idref="fl-20"/>
      </object_component>
      <object_component id="oc-2fd">
         <name>.debug_info</name>
         <load_address>0xdeeb</load_address>
         <run_address>0xdeeb</run_address>
         <size>0xf4</size>
         <input_file_ref idref="fl-20"/>
      </object_component>
      <object_component id="oc-1e0">
         <name>.debug_info</name>
         <load_address>0xdfdf</load_address>
         <run_address>0xdfdf</run_address>
         <size>0x1ea85</size>
         <input_file_ref idref="fl-20"/>
      </object_component>
      <object_component id="oc-2dd">
         <name>.debug_info</name>
         <load_address>0x2ca64</load_address>
         <run_address>0x2ca64</run_address>
         <size>0x6d1</size>
         <input_file_ref idref="fl-20"/>
      </object_component>
      <object_component id="oc-2d2">
         <name>.debug_info</name>
         <load_address>0x2d135</load_address>
         <run_address>0x2d135</run_address>
         <size>0x105b</size>
         <input_file_ref idref="fl-21"/>
      </object_component>
      <object_component id="oc-1d4">
         <name>.debug_info</name>
         <load_address>0x2e190</load_address>
         <run_address>0x2e190</run_address>
         <size>0x1d18</size>
         <input_file_ref idref="fl-21"/>
      </object_component>
      <object_component id="oc-2e2">
         <name>.debug_info</name>
         <load_address>0x2fea8</load_address>
         <run_address>0x2fea8</run_address>
         <size>0x7d</size>
         <input_file_ref idref="fl-21"/>
      </object_component>
      <object_component id="oc-37c">
         <name>.debug_info</name>
         <load_address>0x2ff25</load_address>
         <run_address>0x2ff25</run_address>
         <size>0x28</size>
         <input_file_ref idref="fl-21"/>
      </object_component>
      <object_component id="oc-2da">
         <name>.debug_info</name>
         <load_address>0x2ff4d</load_address>
         <run_address>0x2ff4d</run_address>
         <size>0x1b4</size>
         <input_file_ref idref="fl-22"/>
      </object_component>
      <object_component id="oc-14f">
         <name>.debug_info</name>
         <load_address>0x30101</load_address>
         <run_address>0x30101</run_address>
         <size>0xb05</size>
         <input_file_ref idref="fl-23"/>
      </object_component>
      <object_component id="oc-154">
         <name>.debug_info</name>
         <load_address>0x30c06</load_address>
         <run_address>0x30c06</run_address>
         <size>0xf5</size>
         <input_file_ref idref="fl-23"/>
      </object_component>
      <object_component id="oc-14c">
         <name>.debug_info</name>
         <load_address>0x30cfb</load_address>
         <run_address>0x30cfb</run_address>
         <size>0xf5</size>
         <input_file_ref idref="fl-23"/>
      </object_component>
      <object_component id="oc-7d">
         <name>.debug_info</name>
         <load_address>0x30df0</load_address>
         <run_address>0x30df0</run_address>
         <size>0xc19</size>
         <input_file_ref idref="fl-23"/>
      </object_component>
      <object_component id="oc-33f">
         <name>.debug_info</name>
         <load_address>0x31a09</load_address>
         <run_address>0x31a09</run_address>
         <size>0x5ef</size>
         <input_file_ref idref="fl-2b"/>
      </object_component>
      <object_component id="oc-3f8">
         <name>.debug_info</name>
         <load_address>0x31ff8</load_address>
         <run_address>0x31ff8</run_address>
         <size>0xfc</size>
         <input_file_ref idref="fl-2b"/>
      </object_component>
      <object_component id="oc-370">
         <name>.debug_info</name>
         <load_address>0x320f4</load_address>
         <run_address>0x320f4</run_address>
         <size>0x23c</size>
         <input_file_ref idref="fl-2b"/>
      </object_component>
      <object_component id="oc-2bd">
         <name>.debug_info</name>
         <load_address>0x32330</load_address>
         <run_address>0x32330</run_address>
         <size>0x122</size>
         <input_file_ref idref="fl-2b"/>
      </object_component>
      <object_component id="oc-2b1">
         <name>.debug_info</name>
         <load_address>0x32452</load_address>
         <run_address>0x32452</run_address>
         <size>0x1dd</size>
         <input_file_ref idref="fl-2b"/>
      </object_component>
      <object_component id="oc-2c3">
         <name>.debug_info</name>
         <load_address>0x3262f</load_address>
         <run_address>0x3262f</run_address>
         <size>0x1b9</size>
         <input_file_ref idref="fl-2b"/>
      </object_component>
      <object_component id="oc-32d">
         <name>.debug_info</name>
         <load_address>0x327e8</load_address>
         <run_address>0x327e8</run_address>
         <size>0x131</size>
         <input_file_ref idref="fl-2b"/>
      </object_component>
      <object_component id="oc-3b7">
         <name>.debug_info</name>
         <load_address>0x32919</load_address>
         <run_address>0x32919</run_address>
         <size>0x129</size>
         <input_file_ref idref="fl-2b"/>
      </object_component>
      <object_component id="oc-333">
         <name>.debug_info</name>
         <load_address>0x32a42</load_address>
         <run_address>0x32a42</run_address>
         <size>0x1dd</size>
         <input_file_ref idref="fl-2b"/>
      </object_component>
      <object_component id="oc-339">
         <name>.debug_info</name>
         <load_address>0x32c1f</load_address>
         <run_address>0x32c1f</run_address>
         <size>0x120</size>
         <input_file_ref idref="fl-2b"/>
      </object_component>
      <object_component id="oc-249">
         <name>.debug_info</name>
         <load_address>0x32d3f</load_address>
         <run_address>0x32d3f</run_address>
         <size>0x1d8</size>
         <input_file_ref idref="fl-2b"/>
      </object_component>
      <object_component id="oc-da">
         <name>.debug_info</name>
         <load_address>0x32f17</load_address>
         <run_address>0x32f17</run_address>
         <size>0x132</size>
         <input_file_ref idref="fl-2b"/>
      </object_component>
      <object_component id="oc-2c9">
         <name>.debug_info</name>
         <load_address>0x33049</load_address>
         <run_address>0x33049</run_address>
         <size>0x130</size>
         <input_file_ref idref="fl-2b"/>
      </object_component>
      <object_component id="oc-3c6">
         <name>.debug_info</name>
         <load_address>0x33179</load_address>
         <run_address>0x33179</run_address>
         <size>0x1b5</size>
         <input_file_ref idref="fl-2b"/>
      </object_component>
      <object_component id="oc-347">
         <name>.debug_info</name>
         <load_address>0x3332e</load_address>
         <run_address>0x3332e</run_address>
         <size>0x103e</size>
         <input_file_ref idref="fl-2b"/>
      </object_component>
      <object_component id="oc-24f">
         <name>.debug_info</name>
         <load_address>0x3436c</load_address>
         <run_address>0x3436c</run_address>
         <size>0x18b</size>
         <input_file_ref idref="fl-2b"/>
      </object_component>
      <object_component id="oc-36e">
         <name>.debug_info</name>
         <load_address>0x344f7</load_address>
         <run_address>0x344f7</run_address>
         <size>0x5c8</size>
         <input_file_ref idref="fl-2c"/>
      </object_component>
      <object_component id="oc-2b7">
         <name>.debug_info</name>
         <load_address>0x34abf</load_address>
         <run_address>0x34abf</run_address>
         <size>0x175</size>
         <input_file_ref idref="fl-2c"/>
      </object_component>
      <object_component id="oc-258">
         <name>.debug_info</name>
         <load_address>0x34c34</load_address>
         <run_address>0x34c34</run_address>
         <size>0x4a4</size>
         <input_file_ref idref="fl-2d"/>
      </object_component>
      <object_component id="oc-255">
         <name>.debug_info</name>
         <load_address>0x350d8</load_address>
         <run_address>0x350d8</run_address>
         <size>0xd0</size>
         <input_file_ref idref="fl-2d"/>
      </object_component>
      <object_component id="oc-e1">
         <name>.debug_info</name>
         <load_address>0x351a8</load_address>
         <run_address>0x351a8</run_address>
         <size>0x1dd</size>
         <input_file_ref idref="fl-2d"/>
      </object_component>
      <object_component id="oc-25a">
         <name>.debug_info</name>
         <load_address>0x35385</load_address>
         <run_address>0x35385</run_address>
         <size>0x4ac</size>
         <input_file_ref idref="fl-2e"/>
      </object_component>
      <object_component id="oc-f9">
         <name>.debug_info</name>
         <load_address>0x35831</load_address>
         <run_address>0x35831</run_address>
         <size>0x182</size>
         <input_file_ref idref="fl-2e"/>
      </object_component>
      <object_component id="oc-13b">
         <name>.debug_info</name>
         <load_address>0x359b3</load_address>
         <run_address>0x359b3</run_address>
         <size>0x153</size>
         <input_file_ref idref="fl-2e"/>
      </object_component>
      <object_component id="oc-10b">
         <name>.debug_info</name>
         <load_address>0x35b06</load_address>
         <run_address>0x35b06</run_address>
         <size>0x19c</size>
[...]
      </symbol>
      <symbol id="sm-c52">
         <name>bmi160_delay_ms</name>
         <value>0xe2b1</value>
         <object_component_ref idref="oc-1d3"/>
      </symbol>
      <symbol id="sm-c53">
         <name>bmi160_spi_bus_read</name>
         <value>0xe275</value>
         <object_component_ref idref="oc-1d3"/>
      </symbol>
      <symbol id="sm-c54">
         <name>bmi160_config_running_mode</name>
         <value>0xd701</value>
         <object_component_ref idref="oc-1d3"/>
      </symbol>
      <symbol id="sm-c55">
         <name>bmi160_spi_bus_write</name>
         <value>0xe293</value>
         <object_component_ref idref="oc-1d3"/>
      </symbol>
      <symbol id="sm-c56">
         <name>spi_routine</name>
         <value>0xe1d5</value>
         <object_component_ref idref="oc-1d3"/>
      </symbol>
      <symbol id="sm-c57">
         <name>bmi160_i2c_bus_write</name>
         <value>0xe249</value>
         <object_component_ref idref="oc-1d3"/>
      </symbol>
      <symbol id="sm-c58">
         <name>bmi160_i2c_burst_read</name>
         <value>0xe217</value>
         <object_component_ref idref="oc-1d3"/>
      </symbol>
      <symbol id="sm-c59">
         <name>i2c_routine</name>
         <value>0xe1b3</value>
         <object_component_ref idref="oc-1d3"/>
      </symbol>
      <symbol id="sm-c66">
         <name>DelayMs</name>
         <value>0x10a55</value>
         <object_component_ref idref="oc-2d6"/>
      </symbol>
      <symbol id="sm-c67">
         <name>SysCtlDelay</name>
         <value>0x10c59</value>
         <object_component_ref idref="oc-380"/>
      </symbol>
      <symbol id="sm-cb1">
         <name>ui8Status</name>
         <value>0x20002a75</value>
      </symbol>
      <symbol id="sm-cb2">
         <name>pData</name>
         <value>0x20002a64</value>
      </symbol>
      <symbol id="sm-cb3">
         <name>ui8DummyRead</name>
         <value>0x20002a74</value>
      </symbol>
      <symbol id="sm-cb4">
         <name>g_ui32ByteCount</name>
         <value>0x20002a54</value>
      </symbol>
      <symbol id="sm-cb5">
         <name>EUSCIB1_IRQHandler</name>
         <value>0xf3e1</value>
         <object_component_ref idref="oc-7c"/>
      </symbol>
      <symbol id="sm-cb6">
         <name>readI2C</name>
         <value>0xf23b</value>
         <object_component_ref idref="oc-7c"/>
      </symbol>
      <symbol id="sm-cb7">
         <name>initI2C</name>
         <value>0xf187</value>
         <object_component_ref idref="oc-7c"/>
      </symbol>
      <symbol id="sm-cb8">
         <name>readBurstI2C</name>
         <value>0xf309</value>
         <object_component_ref idref="oc-7c"/>
      </symbol>
      <symbol id="sm-cb9">
         <name>i2cConfig</name>
         <value>0x20002ea8</value>
         <object_component_ref idref="oc-14b"/>
      </symbol>
      <symbol id="sm-cba">
         <name>writeI2C</name>
         <value>0xf1a5</value>
         <object_component_ref idref="oc-7c"/>
      </symbol>
      <symbol id="sm-cbb">
         <name>burstMode</name>
         <value>0x20002eec</value>
         <object_component_ref idref="oc-153"/>
      </symbol>
      <symbol id="sm-d9e">
         <name>CS_getMCLK</name>
         <value>0x10ae9</value>
         <object_component_ref idref="oc-2c8"/>
      </symbol>
      <symbol id="sm-d9f">
         <name>CS_clearInterruptFlag</name>
         <value>0x10a7d</value>
         <object_component_ref idref="oc-338"/>
      </symbol>
      <symbol id="sm-da0">
         <name>CS_startHFXT</name>
         <value>0x10c41</value>
         <object_component_ref idref="oc-2bc"/>
      </symbol>
      <symbol id="sm-da1">
         <name>CS_getDCOFrequency</name>
         <value>0xfcf5</value>
         <object_component_ref idref="oc-332"/>
      </symbol>
      <symbol id="sm-da2">
         <name>CS_setExternalClockSourceFrequency</name>
         <value>0x10b49</value>
         <object_component_ref idref="oc-2b0"/>
      </symbol>
      <symbol id="sm-da3">
         <name>CS_getSMCLK</name>
         <value>0x10b01</value>
         <object_component_ref idref="oc-d9"/>
      </symbol>
      <symbol id="sm-da4">
         <name>CS_startHFXTWithTimeout</name>
         <value>0x10161</value>
         <object_component_ref idref="oc-36f"/>
      </symbol>
      <symbol id="sm-da5">
         <name>CS_initClockSignal</name>
         <value>0xfef5</value>
         <object_component_ref idref="oc-2c2"/>
      </symbol>
      <symbol id="sm-db6">
         <name>FlashCtl_setWaitState</name>
         <value>0x10a2d</value>
         <object_component_ref idref="oc-2b6"/>
      </symbol>
      <symbol id="sm-dd1">
         <name>GPIO_setAsPeripheralModuleFunctionOutputPin</name>
         <value>0x1079d</value>
         <object_component_ref idref="oc-df"/>
      </symbol>
      <symbol id="sm-e61">
         <name>I2C_masterSendMultiByteStop</name>
         <value>0x109a5</value>
         <object_component_ref idref="oc-139"/>
      </symbol>
      <symbol id="sm-e62">
         <name>I2C_masterSendMultiByteNext</name>
         <value>0x10ac5</value>
         <object_component_ref idref="oc-145"/>
      </symbol>
      <symbol id="sm-e63">
         <name>I2C_disableInterrupt</name>
         <value>0x10bc3</value>
         <object_component_ref idref="oc-115"/>
      </symbol>
      <symbol id="sm-e64">
         <name>I2C_masterSendMultiByteStart</name>
         <value>0x10901</value>
         <object_component_ref idref="oc-109"/>
      </symbol>
      <symbol id="sm-e65">
         <name>I2C_getEnabledInterruptStatus</name>
         <value>0x10c47</value>
         <object_component_ref idref="oc-12d"/>
      </symbol>
      <symbol id="sm-e66">
         <name>I2C_masterReceiveMultiByteNext</name>
         <value>0x10c53</value>
         <object_component_ref idref="oc-13f"/>
      </symbol>
      <symbol id="sm-e67">
         <name>I2C_getInterruptStatus</name>
         <value>0x10c4d</value>
         <object_component_ref idref="oc-121"/>
      </symbol>
      <symbol id="sm-e68">
         <name>I2C_isBusBusy</name>
         <value>0x10b5d</value>
         <object_component_ref idref="oc-e5"/>
      </symbol>
      <symbol id="sm-e69">
         <name>I2C_enableModule</name>
         <value>0x10bf9</value>
         <object_component_ref idref="oc-fd"/>
      </symbol>
      <symbol id="sm-e6a">
         <name>I2C_masterReceiveStart</name>
         <value>0x10b85</value>
         <object_component_ref idref="oc-127"/>
      </symbol>
      <symbol id="sm-e6b">
         <name>I2C_clearInterruptFlag</name>
         <value>0x10bb5</value>
         <object_component_ref idref="oc-133"/>
      </symbol>
      <symbol id="sm-e6c">
         <name>I2C_setSlaveAddress</name>
         <value>0x10c5f</value>
         <object_component_ref idref="oc-f7"/>
      </symbol>
      <symbol id="sm-e6d">
         <name>I2C_initMaster</name>
         <value>0x108c1</value>
         <object_component_ref idref="oc-f1"/>
      </symbol>
      <symbol id="sm-e6e">
         <name>I2C_enableInterrupt</name>
         <value>0x10c29</value>
         <object_component_ref idref="oc-103"/>
      </symbol>
      <symbol id="sm-e6f">
         <name>I2C_disableModule</name>
         <value>0x10bed</value>
         <object_component_ref idref="oc-eb"/>
      </symbol>
      <symbol id="sm-ea9">
         <name>Interrupt_disableInterrupt</name>
         <value>0x10685</value>
         <object_component_ref idref="oc-11b"/>
      </symbol>
      <symbol id="sm-eaa">
         <name>Interrupt_enableInterrupt</name>
         <value>0x106e9</value>
         <object_component_ref idref="oc-10f"/>
      </symbol>
      <symbol id="sm-f10">
         <name>PCM_setCoreVoltageLevel</name>
         <value>0x10c31</value>
         <object_component_ref idref="oc-2aa"/>
      </symbol>
      <symbol id="sm-f11">
         <name>PCM_getCoreVoltageLevel</name>
         <value>0x109d5</value>
         <object_component_ref idref="oc-3d5"/>
      </symbol>
      <symbol id="sm-f12">
         <name>PCM_getPowerMode</name>
         <value>0x10a01</value>
         <object_component_ref idref="oc-3cf"/>
      </symbol>
      <symbol id="sm-f13">
         <name>PCM_getPowerState</name>
         <value>0x10c05</value>
         <object_component_ref idref="oc-3db"/>
      </symbol>
      <symbol id="sm-f14">
         <name>PCM_setPowerMode</name>
         <value>0x10c39</value>
         <object_component_ref idref="oc-3e1"/>
      </symbol>
      <symbol id="sm-f49">
         <name>SysCtl_getNMISourceStatus</name>
         <value>0x10c11</value>
         <object_component_ref idref="oc-3eb"/>
      </symbol>
      <symbol id="sm-f4a">
         <name>SysCtl_enableNMISource</name>
         <value>0x10ba5</value>
         <object_component_ref idref="oc-3fd"/>
      </symbol>
      <symbol id="sm-f4b">
         <name>SysCtl_disableNMISource</name>
         <value>0x10b95</value>
         <object_component_ref idref="oc-3f1"/>
      </symbol>
      <symbol id="sm-f4c">
         <name>SysCtl_getTLVInfo</name>
         <value>0x1074d</value>
         <object_component_ref idref="oc-3bc"/>
      </symbol>
      <symbol id="sm-f70">
         <name>WDT_A_clearTimer</name>
         <value>0x10b19</value>
         <object_component_ref idref="oc-1bb"/>
      </symbol>
      <symbol id="sm-f71">
         <name>WDT_A_holdTimer</name>
         <value>0x10b31</value>
         <object_component_ref idref="oc-1c1"/>
      </symbol>
      <symbol id="sm-f72">
         <name>WDT_A_initWatchdogTimer</name>
         <value>0x10b71</value>
         <object_component_ref idref="oc-1cd"/>
      </symbol>
      <symbol id="sm-faf">
         <name>atan2f</name>
         <value>0xf945</value>
         <object_component_ref idref="oc-197"/>
      </symbol>
      <symbol id="sm-fdc">
         <name>atanf</name>
         <value>0xfa9d</value>
         <object_component_ref idref="oc-284"/>
      </symbol>
      <symbol id="sm-fef">
         <name>__aeabi_dmul</name>
         <value>0xfdf9</value>
         <object_component_ref idref="oc-1a2"/>
      </symbol>
      <symbol id="sm-ffb">
         <name>__aeabi_d2f</name>
         <value>0x105ad</value>
         <object_component_ref idref="oc-1a7"/>
      </symbol>
      <symbol id="sm-1006">
         <name>__aeabi_f2d</name>
         <value>0x10939</value>
         <object_component_ref idref="oc-19d"/>
      </symbol>
      <symbol id="sm-1022">
         <name>memcpy</name>
         <value>0x10299</value>
         <object_component_ref idref="oc-3a"/>
      </symbol>
      <symbol id="sm-1023">
         <name>__aeabi_memcpy</name>
         <value>0x10299</value>
         <object_component_ref idref="oc-3a"/>
      </symbol>
      <symbol id="sm-1024">
         <name>__aeabi_memcpy8</name>
         <value>0x10299</value>
         <object_component_ref idref="oc-3a"/>
      </symbol>
      <symbol id="sm-1025">
         <name>__aeabi_memcpy4</name>
         <value>0x10299</value>
         <object_component_ref idref="oc-3a"/>
      </symbol>
      <symbol id="sm-1036">
         <name>__aeabi_memset</name>
         <value>0x1044b</value>
         <object_component_ref idref="oc-a6"/>
      </symbol>
      <symbol id="sm-1037">
         <name>memset</name>
         <value>0x10451</value>
         <object_component_ref idref="oc-a6"/>
      </symbol>
      <symbol id="sm-1038">
         <name>__aeabi_memset8</name>
         <value>0x1044b</value>
         <object_component_ref idref="oc-a6"/>
      </symbol>
      <symbol id="sm-1039">
         <name>__aeabi_memset4</name>
         <value>0x1044b</value>
         <object_component_ref idref="oc-a6"/>
      </symbol>
      <symbol id="sm-103a">
         <name>__aeabi_memclr8</name>
         <value>0x10449</value>
         <object_component_ref idref="oc-a6"/>
      </symbol>
      <symbol id="sm-103b">
         <name>__aeabi_memclr4</name>
         <value>0x10449</value>
         <object_component_ref idref="oc-a6"/>
      </symbol>
      <symbol id="sm-103c">
         <name>__aeabi_memclr</name>
         <value>0x10449</value>
         <object_component_ref idref="oc-a6"/>
      </symbol>
      <symbol id="sm-104e">
         <name>__TI_zero_init</name>
         <value>0x10c1d</value>
         <object_component_ref idref="oc-4c"/>
      </symbol>
      <symbol id="sm-1065">
         <name>__TI_decompress_none</name>
         <value>0x10bd1</value>
         <object_component_ref idref="oc-1d"/>
      </symbol>
      <symbol id="sm-1088">
         <name>__TI_decompress_lzss</name>
         <value>0x1061b</value>
         <object_component_ref idref="oc-17"/>
      </symbol>
      <symbol id="sm-1093">
         <name>C$$EXIT</name>
         <value>0x10c67</value>
         <object_component_ref idref="oc-1f6"/>
      </symbol>
      <symbol id="sm-1094">
         <name>abort</name>
         <value>0x10c67</value>
         <object_component_ref idref="oc-1f6"/>
      </symbol>
      <symbol id="sm-10a6">
         <name>_sys_memory</name>
         <value>0x20002ef0</value>
         <object_component_ref idref="oc-29"/>
      </symbol>
      <symbol id="sm-10bb">
         <name>__stack</name>
         <value>0x2000fe00</value>
         <object_component_ref idref="oc-2c"/>
      </symbol>
      <symbol id="sm-10bc">
         <name>_c_int00_noargs</name>
         <value>0x10971</value>
         <object_component_ref idref="oc-58"/>
      </symbol>
      <symbol id="sm-10ee">
         <name>__TI_auto_init_nobinit_nopinit</name>
         <value>0x1087d</value>
         <object_component_ref idref="oc-202"/>
      </symbol>
      <symbol id="sm-10f8">
         <name>_system_pre_init</name>
         <value>0x10c63</value>
         <object_component_ref idref="oc-ac"/>
      </symbol>
      <symbol id="sm-1116">
         <name>__TI_static_base__</name>
         <value>0x0</value>
      </symbol>
      <symbol id="sm-1119">
         <name>__mpu_init</name>
         <value>0x0</value>
      </symbol>
      <symbol id="sm-111a">
         <name>_system_post_cinit</name>
         <value>0x0</value>
      </symbol>
      <symbol id="sm-111b">
         <name>NMI_Handler</name>
         <value>0x10beb</value>
      </symbol>
      <symbol id="sm-111c">
         <name>HardFault_Handler</name>
         <value>0x10beb</value>
      </symbol>
      <symbol id="sm-111d">
         <name>MemManage_Handler</name>
         <value>0x10beb</value>
      </symbol>
      <symbol id="sm-111e">
         <name>BusFault_Handler</name>
         <value>0x10beb</value>
      </symbol>
      <symbol id="sm-111f">
         <name>UsageFault_Handler</name>
         <value>0x10beb</value>
      </symbol>
      <symbol id="sm-1120">
         <name>SVC_Handler</name>
         <value>0x10beb</value>
      </symbol>
      <symbol id="sm-1121">
         <name>DebugMon_Handler</name>
         <value>0x10beb</value>
      </symbol>
      <symbol id="sm-1122">
         <name>PendSV_Handler</name>
         <value>0x10beb</value>
      </symbol>
      <symbol id="sm-1123">
         <name>SysTick_Handler</name>
         <value>0x10beb</value>
      </symbol>
      <symbol id="sm-1124">
         <name>PSS_IRQHandler</name>
         <value>0x10beb</value>
      </symbol>
      <symbol id="sm-1125">
         <name>CS_IRQHandler</name>
         <value>0x10beb</value>
      </symbol>
      <symbol id="sm-1126">
         <name>PCM_IRQHandler</name>
         <value>0x10beb</value>
      </symbol>
      <symbol id="sm-1127">
         <name>WDT_A_IRQHandler</name>
         <value>0x10beb</value>
      </symbol>
      <symbol id="sm-1128">
         <name>FPU_IRQHandler</name>
         <value>0x10beb</value>
      </symbol>
      <symbol id="sm-1129">
         <name>FLCTL_IRQHandler</name>
         <value>0x10beb</value>
      </symbol>
      <symbol id="sm-112a">
         <name>COMP_E0_IRQHandler</name>
         <value>0x10beb</value>
      </symbol>
      <symbol id="sm-112b">
         <name>COMP_E1_IRQHandler</name>
         <value>0x10beb</value>
      </symbol>
      <symbol id="sm-112c">
         <name>TA0_0_IRQHandler</name>
         <value>0x10beb</value>
      </symbol>
      <symbol id="sm-112d">
         <name>TA0_N_IRQHandler</name>
         <value>0x10beb</value>
      </symbol>
      <symbol id="sm-112e">
         <name>TA1_0_IRQHandler</name>
         <value>0x10395</value>
      </symbol>
      <symbol id="sm-112f">
         <name>TA1_N_IRQHandler</name>
         <value>0x10beb</value>
      </symbol>
      <symbol id="sm-1130">
         <name>TA2_0_IRQHandler</name>
         <value>0x10beb</value>
      </symbol>
      <symbol id="sm-1131">
         <name>TA2_N_IRQHandler</name>
         <value>0x10beb</value>
      </symbol>
      <symbol id="sm-1132">
         <name>TA3_0_IRQHandler</name>
         <value>0xfc7d</value>
      </symbol>
      <symbol id="sm-1133">
         <name>TA3_N_IRQHandler</name>
         <value>0xfc97</value>
      </symbol>
      <symbol id="sm-1134">
         <name>EUSCIA0_IRQHandler</name>
         <value>0x10beb</value>
      </symbol>
      <symbol id="sm-1135">
         <name>EUSCIA1_IRQHandler</name>
         <value>0x10beb</value>
      </symbol>
      <symbol id="sm-1136">
         <name>EUSCIA2_IRQHandler</name>
         <value>0x10beb</value>
      </symbol>
      <symbol id="sm-1137">
         <name>EUSCIA3_IRQHandler</name>
         <value>0x10beb</value>
      </symbol>
      <symbol id="sm-1138">
         <name>EUSCIB0_IRQHandler</name>
         <value>0x10beb</value>
      </symbol>
      <symbol id="sm-1139">
         <name>EUSCIB1_IRQHandler</name>
         <value>0xf3e1</value>
      </symbol>
      <symbol id="sm-113a">
         <name>EUSCIB2_IRQHandler</name>
         <value>0x10beb</value>
      </symbol>
      <symbol id="sm-113b">
         <name>EUSCIB3_IRQHandler</name>
         <value>0x10beb</value>
      </symbol>
      <symbol id="sm-113c">
         <name>ADC14_IRQHandler</name>
         <value>0x10beb</value>
      </symbol>
      <symbol id="sm-113d">
         <name>T32_INT1_IRQHandler</name>
         <value>0xe52b</value>
      </symbol>
      <symbol id="sm-113e">
         <name>T32_INT2_IRQHandler</name>
         <value>0x10beb</value>
      </symbol>
      <symbol id="sm-113f">
         <name>T32_INTC_IRQHandler</name>
         <value>0x10beb</value>
      </symbol>
      <symbol id="sm-1140">
         <name>AES256_IRQHandler</name>
         <value>0x10beb</value>
      </symbol>
      <symbol id="sm-1141">
         <name>RTC_C_IRQHandler</name>
         <value>0x10beb</value>
      </symbol>
      <symbol id="sm-1142">
         <name>DMA_ERR_IRQHandler</name>
         <value>0x10beb</value>
      </symbol>
      <symbol id="sm-1143">
         <name>DMA_INT3_IRQHandler</name>
         <value>0x10beb</value>
      </symbol>
      <symbol id="sm-1144">
         <name>DMA_INT2_IRQHandler</name>
         <value>0x10beb</value>
      </symbol>
      <symbol id="sm-1145">
         <name>DMA_INT1_IRQHandler</name>
         <value>0x10beb</value>
      </symbol>
      <symbol id="sm-1146">
         <name>DMA_INT0_IRQHandler</name>
         <value>0x10beb</value>
      </symbol>
      <symbol id="sm-1147">
         <name>PORT1_IRQHandler</name>
         <value>0x10beb</value>
      </symbol>
      <symbol id="sm-1148">
         <name>PORT2_IRQHandler</name>
         <value>0x10beb</value>
      </symbol>
      <symbol id="sm-1149">
         <name>PORT3_IRQHandler</name>
         <value>0x10beb</value>
      </symbol>
      <symbol id="sm-114a">
         <name>PORT4_IRQHandler</name>
         <value>0x10beb</value>
      </symbol>
      <symbol id="sm-114b">
         <name>PORT5_IRQHandler</name>
         <value>0x10beb</value>
      </symbol>
      <symbol id="sm-114c">
         <name>PORT6_IRQHandler</name>
         <value>0x10beb</value>
      </symbol>
   </symbol_table>
   <title>Link successful</title>
</link_info>
